Archive member included to satisfy reference by file (symbol)

/usr/bin/../lib/gcc/arm-none-eabi/7.3.1/thumb/v7e-m/libgcc.a(_arm_addsubdf3.o)
                              build/main.o (__aeabi_i2d)
/usr/bin/../lib/gcc/arm-none-eabi/7.3.1/thumb/v7e-m/libgcc.a(_arm_cmpdf2.o)
                              build/main.o (__aeabi_dcmplt)
/usr/bin/../lib/gcc/arm-none-eabi/7.3.1/../../../../arm-none-eabi/lib/thumb/v7e-m/libg.a(lib_a-errno.o)
                              lib_build/syscalls.o (__errno)
/usr/bin/../lib/gcc/arm-none-eabi/7.3.1/../../../../arm-none-eabi/lib/thumb/v7e-m/libg.a(lib_a-impure.o)
                              /usr/bin/../lib/gcc/arm-none-eabi/7.3.1/../../../../arm-none-eabi/lib/thumb/v7e-m/libg.a(lib_a-errno.o) (_impure_ptr)
/usr/bin/../lib/gcc/arm-none-eabi/7.3.1/../../../../arm-none-eabi/lib/thumb/v7e-m/libg.a(lib_a-init.o)
                              lib_build/startup_XMC4500.o (__libc_init_array)
/usr/bin/../lib/gcc/arm-none-eabi/7.3.1/../../../../arm-none-eabi/lib/thumb/v7e-m/libg.a(lib_a-memcmp.o)
                              lib_build/HIDClassDevice.o (memcmp)
/usr/bin/../lib/gcc/arm-none-eabi/7.3.1/../../../../arm-none-eabi/lib/thumb/v7e-m/libg.a(lib_a-memcpy.o)
                              lib_build/xmc_usbd.o (memcpy)
/usr/bin/../lib/gcc/arm-none-eabi/7.3.1/../../../../arm-none-eabi/lib/thumb/v7e-m/libg.a(lib_a-memset.o)
                              lib_build/HIDClassDevice.o (memset)

Allocating common symbols
Common symbol       size              file

USB_IsInitialized   0x1               lib_build/USBTask.o
USB_DeviceState     0x1               lib_build/USBTask.o
event_handler_list  0x80              lib_build/xmc4_scu.o
buffer              0x8               build/KeyboardHID.o
endpoint0_in_buffer
                    0x100             lib_build/USBController_XMC4000.o
usbd_init           0x4               lib_build/xmc_usbd.o
USB_ControlRequest  0x8               lib_build/USBTask.o
endpoint0_out_buffer
                    0x100             lib_build/USBController_XMC4000.o
xmc_device          0x208             lib_build/xmc_usbd.o
device              0x140             lib_build/USBController_XMC4000.o

Discarded input sections

 .group         0x0000000000000000        0xc build/main.o
 .group         0x0000000000000000        0xc build/main.o
 .group         0x0000000000000000        0xc build/main.o
 .group         0x0000000000000000        0xc build/main.o
 .group         0x0000000000000000        0xc build/main.o
 .group         0x0000000000000000        0xc build/main.o
 .group         0x0000000000000000        0xc build/main.o
 .group         0x0000000000000000        0xc build/main.o
 .group         0x0000000000000000        0xc build/main.o
 .group         0x0000000000000000        0xc build/main.o
 .group         0x0000000000000000        0xc build/main.o
 .group         0x0000000000000000        0xc build/main.o
 .group         0x0000000000000000        0xc build/main.o
 .group         0x0000000000000000        0xc build/main.o
 .group         0x0000000000000000        0xc build/main.o
 .group         0x0000000000000000        0xc build/main.o
 .group         0x0000000000000000        0xc build/main.o
 .group         0x0000000000000000        0xc build/main.o
 .group         0x0000000000000000        0xc build/main.o
 .group         0x0000000000000000        0xc build/main.o
 .group         0x0000000000000000        0xc build/main.o
 .group         0x0000000000000000        0xc build/main.o
 .group         0x0000000000000000        0xc build/main.o
 .group         0x0000000000000000        0xc build/main.o
 .group         0x0000000000000000        0xc build/main.o
 .group         0x0000000000000000        0xc build/main.o
 .group         0x0000000000000000        0xc build/main.o
 .group         0x0000000000000000        0xc build/main.o
 .group         0x0000000000000000        0xc build/main.o
 .group         0x0000000000000000        0xc build/main.o
 .group         0x0000000000000000        0xc build/main.o
 .group         0x0000000000000000        0xc build/main.o
 .group         0x0000000000000000        0xc build/main.o
 .group         0x0000000000000000        0xc build/main.o
 .group         0x0000000000000000        0xc build/main.o
 .group         0x0000000000000000        0xc build/main.o
 .group         0x0000000000000000        0xc build/main.o
 .group         0x0000000000000000        0xc build/main.o
 .group         0x0000000000000000        0xc build/main.o
 .group         0x0000000000000000        0xc build/main.o
 .group         0x0000000000000000        0xc build/main.o
 .group         0x0000000000000000        0xc build/main.o
 .group         0x0000000000000000        0xc build/main.o
 .group         0x0000000000000000        0xc build/main.o
 .group         0x0000000000000000        0xc build/main.o
 .group         0x0000000000000000        0xc build/main.o
 .group         0x0000000000000000        0xc build/main.o
[...]
Memory Configuration

Name             Origin             Length             Attributes
FLASH_1_cached   0x0000000008000000 0x0000000000100000 xr
FLASH_1_uncached 0x000000000c000000 0x0000000000100000 xr
PSRAM_1          0x0000000010000000 0x0000000000010000 !xr
DSRAM_1_system   0x0000000020000000 0x0000000000010000 !xr
DSRAM_2_comm     0x0000000030000000 0x0000000000008000 !xr
*default*        0x0000000000000000 0xffffffffffffffff

Linker script and memory map

LOAD build/main.o
LOAD build/KeyboardHID.o
LOAD build/Descriptors.o
LOAD lib_build/xmc4_scu.o
LOAD lib_build/xmc_gpio.o
LOAD lib_build/HIDClassDevice.o
LOAD lib_build/memcpy.o
LOAD lib_build/Endpoint_XMC4000.o
LOAD lib_build/EndpointStream_XMC4000.o
LOAD lib_build/USBController_XMC4000.o
LOAD lib_build/xmc_usbd.o
LOAD lib_build/ConfigDescriptors.o
LOAD lib_build/HostStandardReq.o
LOAD lib_build/USBTask.o
LOAD lib_build/Events.o
LOAD lib_build/startup_XMC4500.o
LOAD lib_build/system_XMC4500.o
LOAD lib_build/syscalls.o
START GROUP
LOAD /usr/bin/../lib/gcc/arm-none-eabi/7.3.1/thumb/v7e-m/libgcc.a
LOAD /usr/bin/../lib/gcc/arm-none-eabi/7.3.1/../../../../arm-none-eabi/lib/thumb/v7e-m/libg.a
LOAD /usr/bin/../lib/gcc/arm-none-eabi/7.3.1/../../../../arm-none-eabi/lib/thumb/v7e-m/libc.a
END GROUP
START GROUP
LOAD /usr/bin/../lib/gcc/arm-none-eabi/7.3.1/thumb/v7e-m/libgcc.a
LOAD /usr/bin/../lib/gcc/arm-none-eabi/7.3.1/../../../../arm-none-eabi/lib/thumb/v7e-m/libc.a
LOAD /usr/bin/../lib/gcc/arm-none-eabi/7.3.1/../../../../arm-none-eabi/lib/thumb/v7e-m/libnosys.a
END GROUP
                0x0000000000000800                stack_size = DEFINED (stack_size)?stack_size:0x800
                0x0000000000000040                no_init_size = 0x40

.text           0x0000000008000000     0x7364 load address 0x000000000c000000
                0x0000000008000000                sText = .
 *(.reset)
 .reset         0x0000000008000000      0x2b2 lib_build/startup_XMC4500.o
                0x0000000008000000                __Vectors
                0x0000000008000200                Reset_Handler
                0x00000000080002b0                VADC0_C0_3_IRQHandler
                0x00000000080002b0                DSD0_7_IRQHandler
                0x00000000080002b0                DebugMon_Handler
                0x00000000080002b0                VADC0_C0_0_IRQHandler
                0x00000000080002b0                CAN0_4_IRQHandler
                0x00000000080002b0                VADC0_G2_0_IRQHandler
                0x00000000080002b0                USIC0_5_IRQHandler
                0x00000000080002b0                POSIF0_0_IRQHandler
                0x00000000080002b0                POSIF1_0_IRQHandler
                0x00000000080002b0                HardFault_Handler
                0x00000000080002b0                VADC0_G1_1_IRQHandler
                0x00000000080002b0                PendSV_Handler
                0x00000000080002b0                NMI_Handler
                0x00000000080002b0                USIC1_3_IRQHandler
                0x00000000080002b0                CCU40_2_IRQHandler
                0x00000000080002b0                SCU_0_IRQHandler
                0x00000000080002b0                ERU0_0_IRQHandler
                0x00000000080002b0                CCU41_0_IRQHandler
                0x00000000080002b0                USIC1_5_IRQHandler
                0x00000000080002b0                DSD0_4_IRQHandler
                0x00000000080002b0                CCU80_1_IRQHandler
                0x00000000080002b0                CCU81_0_IRQHandler
                0x00000000080002b0                UsageFault_Handler
                0x00000000080002b0                USIC0_0_IRQHandler
                0x00000000080002b0                POSIF1_1_IRQHandler
                0x00000000080002b0                ERU0_2_IRQHandler
                0x00000000080002b0                CCU81_1_IRQHandler
                0x00000000080002b0                ERU1_1_IRQHandler
                0x00000000080002b0                VADC0_G2_3_IRQHandler
                0x00000000080002b0                VADC0_G2_2_IRQHandler
                0x00000000080002b0                CCU42_3_IRQHandler
                0x00000000080002b0                ERU0_3_IRQHandler
                0x00000000080002b0                DSD0_5_IRQHandler
                0x00000000080002b0                CAN0_6_IRQHandler
                0x00000000080002b0                CCU43_0_IRQHandler
                0x00000000080002b0                VADC0_G0_1_IRQHandler
                0x00000000080002b0                CCU81_2_IRQHandler
                0x00000000080002b0                USIC2_4_IRQHandler
                0x00000000080002b0                CCU81_3_IRQHandler
                0x00000000080002b0                CCU42_1_IRQHandler
                0x00000000080002b0                USIC1_1_IRQHandler
                0x00000000080002b0                USIC2_5_IRQHandler
                0x00000000080002b0                CCU40_0_IRQHandler
                0x00000000080002b0                CAN0_0_IRQHandler
                0x00000000080002b0                ERU1_0_IRQHandler
                0x00000000080002b0                CCU42_2_IRQHandler
                0x00000000080002b0                Default_Handler
                0x00000000080002b0                USIC1_4_IRQHandler
                0x00000000080002b0                ERU1_3_IRQHandler
                0x00000000080002b0                USIC1_0_IRQHandler
                0x00000000080002b0                POSIF0_1_IRQHandler
                0x00000000080002b0                VADC0_G0_0_IRQHandler
                0x00000000080002b0                DSD0_2_IRQHandler
                0x00000000080002b0                CCU80_3_IRQHandler
                0x00000000080002b0                CCU41_3_IRQHandler
                0x00000000080002b0                CCU80_2_IRQHandler
                0x00000000080002b0                VADC0_G1_3_IRQHandler
                0x00000000080002b0                VADC0_G0_3_IRQHandler
                0x00000000080002b0                GPDMA0_0_IRQHandler
                0x00000000080002b0                PMU0_0_IRQHandler
                0x00000000080002b0                CAN0_7_IRQHandler
                0x00000000080002b0                DSD0_1_IRQHandler
                0x00000000080002b0                CCU41_2_IRQHandler
                0x00000000080002b0                VADC0_C0_1_IRQHandler
                0x00000000080002b0                CCU43_2_IRQHandler
                0x00000000080002b0                USIC2_2_IRQHandler
                0x00000000080002b0                MemManage_Handler
                0x00000000080002b0                VADC0_G3_1_IRQHandler
                0x00000000080002b0                DAC0_0_IRQHandler
                0x00000000080002b0                SVC_Handler
                0x00000000080002b0                VADC0_G3_3_IRQHandler
                0x00000000080002b0                ERU1_2_IRQHandler
                0x00000000080002b0                CCU41_1_IRQHandler
                0x00000000080002b0                DSD0_6_IRQHandler
                0x00000000080002b0                CCU43_1_IRQHandler
                0x00000000080002b0                VADC0_G1_2_IRQHandler
                0x00000000080002b0                USIC2_3_IRQHandler
                0x00000000080002b0                CAN0_2_IRQHandler
                0x00000000080002b0                USIC2_0_IRQHandler
                0x00000000080002b0                VADC0_G0_2_IRQHandler
                0x00000000080002b0                VADC0_G2_1_IRQHandler
                0x00000000080002b0                CAN0_3_IRQHandler
                0x00000000080002b0                ETH0_0_IRQHandler
                0x00000000080002b0                USIC0_3_IRQHandler
                0x00000000080002b0                DSD0_0_IRQHandler
                0x00000000080002b0                VADC0_C0_2_IRQHandler
                0x00000000080002b0                CCU42_0_IRQHandler
                0x00000000080002b0                FCE0_0_IRQHandler
                0x00000000080002b0                VADC0_G1_0_IRQHandler
                0x00000000080002b0                CAN0_5_IRQHandler
                0x00000000080002b0                CCU80_0_IRQHandler
                0x00000000080002b0                CCU40_1_IRQHandler
                0x00000000080002b0                USIC2_1_IRQHandler
                0x00000000080002b0                USIC0_1_IRQHandler
                0x00000000080002b0                VADC0_G3_2_IRQHandler
                0x00000000080002b0                CCU40_3_IRQHandler
                0x00000000080002b0                BusFault_Handler
                0x00000000080002b0                LEDTS0_0_IRQHandler
                0x00000000080002b0                USIC0_4_IRQHandler
                0x00000000080002b0                CCU43_3_IRQHandler
                0x00000000080002b0                ERU0_1_IRQHandler
                0x00000000080002b0                VADC0_G3_0_IRQHandler
                0x00000000080002b0                USIC1_2_IRQHandler
                0x00000000080002b0                DSD0_3_IRQHandler
                0x00000000080002b0                SDMMC0_0_IRQHandler
                0x00000000080002b0                CAN0_1_IRQHandler
                0x00000000080002b0                USIC0_2_IRQHandler
                0x00000000080002b0                DAC0_1_IRQHandler
                0x00000000080002b0                GPDMA1_0_IRQHandler
 *(.text .text.* .gnu.linkonce.t.*)
 .text          0x00000000080002b2        0x0 build/main.o
 *fill*         0x00000000080002b2        0x2 
 .text.__NVIC_SetPriority
                0x00000000080002b4       0x54 build/main.o
 .text.SysTick_Config
                0x0000000008000308       0x44 build/main.o
 .text.XMC_GPIO_SetOutputHigh
                0x000000000800034c       0x22 build/main.o
 .text.XMC_GPIO_SetOutputLow
                0x000000000800036e       0x24 build/main.o
 *fill*         0x0000000008000392        0x2 
 .text.SysTick_Handler
                0x0000000008000394       0x1c build/main.o
                0x0000000008000394                SysTick_Handler
 .text.main     0x00000000080003b0       0x6c build/main.o
                0x00000000080003b0                main
 .text.modifyReport
                0x000000000800041c      0x630 build/main.o
                0x000000000800041c                modifyReport
 .text.findLetterOfKey
                0x0000000008000a4c      0x12c build/main.o
                0x0000000008000a4c                findLetterOfKey
 .text.CALLBACK_HID_Device_CreateHIDReport
                0x0000000008000b78      0x138 build/main.o
                0x0000000008000b78                CALLBACK_HID_Device_CreateHIDReport
 .text.findHighestTime
                0x0000000008000cb0       0x70 build/main.o
                0x0000000008000cb0                findHighestTime
 .text.CALLBACK_HID_Device_ProcessHIDReport
                0x0000000008000d20       0xbc build/main.o
                0x0000000008000d20                CALLBACK_HID_Device_ProcessHIDReport
 .text.SystemCoreClockSetup
                0x0000000008000ddc       0x34 build/main.o
                0x0000000008000ddc                SystemCoreClockSetup
 .text          0x0000000008000e10        0x0 build/KeyboardHID.o
 .text.__NVIC_GetPriorityGrouping
                0x0000000008000e10       0x1c build/KeyboardHID.o
 .text.__NVIC_EnableIRQ
                0x0000000008000e2c       0x3c build/KeyboardHID.o
 .text.__NVIC_ClearPendingIRQ
                0x0000000008000e68       0x3c build/KeyboardHID.o
 .text.__NVIC_SetPriority
                0x0000000008000ea4       0x54 build/KeyboardHID.o
 .text.NVIC_EncodePriority
                0x0000000008000ef8       0x66 build/KeyboardHID.o
 *fill*         0x0000000008000f5e        0x2 
 .text.USB0_0_IRQHandler
                0x0000000008000f60       0x14 build/KeyboardHID.o
                0x0000000008000f60                USB0_0_IRQHandler
 .text.USB_Init
                0x0000000008000f74       0x44 build/KeyboardHID.o
                0x0000000008000f74                USB_Init
 .text.EVENT_USB_Device_
                0x0000000008000fb8        0xe build/KeyboardHID.o
                0x0000000008000fb8                EVENT_USB_Device_
 .text.EVENT_USB_Device_Connect
                0x0000000008000fc6        0xe build/KeyboardHID.o
                0x0000000008000fc6                EVENT_USB_Device_Connect
 .text.EVENT_USB_Device_Reset
                0x0000000008000fd4       0x30 build/KeyboardHID.o
                0x0000000008000fd4                EVENT_USB_Device_Reset
 .text.EVENT_USB_Device_ConfigurationChanged
                0x0000000008001004       0x50 build/KeyboardHID.o
                0x0000000008001004                EVENT_USB_Device_ConfigurationChanged
 .text.EVENT_USB_Device_ControlRequest
                0x0000000008001054       0x14 build/KeyboardHID.o
                0x0000000008001054                EVENT_USB_Device_ControlRequest
 .text.CALLBACK_HIDParser_FilterHIDReportItem
                0x0000000008001068       0x16 build/KeyboardHID.o
                0x0000000008001068                CALLBACK_HIDParser_FilterHIDReportItem
 .text          0x000000000800107e        0x0 build/Descriptors.o
 *fill*         0x000000000800107e        0x2 
 .text.CALLBACK_USB_GetDescriptor
                0x0000000008001080      0x144 build/Descriptors.o
                0x0000000008001080                CALLBACK_USB_GetDescriptor
 .text          0x00000000080011c4        0x0 lib_build/xmc4_scu.o
 .text.XMC_SCU_CLOCK_GetUsbClockSource
                0x00000000080011c4       0x1c lib_build/xmc4_scu.o
 .text.XMC_SCU_CLOCK_GetWdtClockSource
                0x00000000080011e0       0x1c lib_build/xmc4_scu.o
 .text.XMC_SCU_CLOCK_GetExternalOutputClockSource
                0x00000000080011fc       0x20 lib_build/xmc4_scu.o
 .text.XMC_SCU_CLOCK_GetSystemClockFrequency
                0x000000000800121c       0x28 lib_build/xmc4_scu.o
 .text.XMC_SCU_CLOCK_GetCpuClockFrequency
                0x0000000008001244       0x18 lib_build/xmc4_scu.o
 .text.XMC_SCU_GetMirrorStatus
                0x000000000800125c       0x18 lib_build/xmc4_scu.o
 .text.XMC_SCU_lDelay
                0x0000000008001274       0x48 lib_build/xmc4_scu.o
 .text.XMC_SCU_INTERRUPT_EnableEvent
                0x00000000080012bc       0x24 lib_build/xmc4_scu.o
                0x00000000080012bc                XMC_SCU_INTERRUPT_EnableEvent
 .text.XMC_SCU_INTERRUPT_DisableEvent
                0x00000000080012e0       0x28 lib_build/xmc4_scu.o
                0x00000000080012e0                XMC_SCU_INTERRUPT_DisableEvent
 .text.XMC_SCU_INTERRUPT_TriggerEvent
                0x0000000008001308       0x24 lib_build/xmc4_scu.o
                0x0000000008001308                XMC_SCU_INTERRUPT_TriggerEvent
 .text.XMC_SCU_INTERUPT_GetEventStatus
                0x000000000800132c       0x18 lib_build/xmc4_scu.o
                0x000000000800132c                XMC_SCU_INTERUPT_GetEventStatus
 .text.XMC_SCU_INTERRUPT_ClearEventStatus
                0x0000000008001344       0x20 lib_build/xmc4_scu.o
                0x0000000008001344                XMC_SCU_INTERRUPT_ClearEventStatus
 .text.XMC_SCU_GetBootMode
                0x0000000008001364       0x1c lib_build/xmc4_scu.o
                0x0000000008001364                XMC_SCU_GetBootMode
 .text.XMC_SCU_SetBootMode
                0x0000000008001380       0x20 lib_build/xmc4_scu.o
                0x0000000008001380                XMC_SCU_SetBootMode
 .text.XMC_SCU_ReadGPR
                0x00000000080013a0       0x24 lib_build/xmc4_scu.o
                0x00000000080013a0                XMC_SCU_ReadGPR
 .text.XMC_SCU_WriteGPR
                0x00000000080013c4       0x28 lib_build/xmc4_scu.o
                0x00000000080013c4                XMC_SCU_WriteGPR
 .text.XMC_SCU_EnableOutOfRangeComparator
                0x00000000080013ec       0x38 lib_build/xmc4_scu.o
                0x00000000080013ec                XMC_SCU_EnableOutOfRangeComparator
 .text.XMC_SCU_DisableOutOfRangeComparator
                0x0000000008001424       0x3c lib_build/xmc4_scu.o
                0x0000000008001424                XMC_SCU_DisableOutOfRangeComparator
 .text.XMC_SCU_CalibrateTemperatureSensor
                0x0000000008001460       0x30 lib_build/xmc4_scu.o
                0x0000000008001460                XMC_SCU_CalibrateTemperatureSensor
 .text.XMC_SCU_EnableTemperatureSensor
                0x0000000008001490       0x24 lib_build/xmc4_scu.o
                0x0000000008001490                XMC_SCU_EnableTemperatureSensor
 .text.XMC_SCU_DisableTemperatureSensor
                0x00000000080014b4       0x24 lib_build/xmc4_scu.o
                0x00000000080014b4                XMC_SCU_DisableTemperatureSensor
 .text.XMC_SCU_IsTemperatureSensorEnabled
                0x00000000080014d8       0x28 lib_build/xmc4_scu.o
                0x00000000080014d8                XMC_SCU_IsTemperatureSensorEnabled
 .text.XMC_SCU_IsTemperatureSensorReady
                0x0000000008001500       0x28 lib_build/xmc4_scu.o
                0x0000000008001500                XMC_SCU_IsTemperatureSensorReady
 .text.XMC_SCU_StartTemperatureMeasurement
                0x0000000008001528       0x4c lib_build/xmc4_scu.o
                0x0000000008001528                XMC_SCU_StartTemperatureMeasurement
 .text.XMC_SCU_GetTemperatureMeasurement
                0x0000000008001574       0x38 lib_build/xmc4_scu.o
                0x0000000008001574                XMC_SCU_GetTemperatureMeasurement
 .text.XMC_SCU_IsTemperatureSensorBusy
                0x00000000080015ac       0x28 lib_build/xmc4_scu.o
                0x00000000080015ac                XMC_SCU_IsTemperatureSensorBusy
 .text.XMC_SCU_WriteToRetentionMemory
                0x00000000080015d4       0x4c lib_build/xmc4_scu.o
                0x00000000080015d4                XMC_SCU_WriteToRetentionMemory
 .text.XMC_SCU_ReadFromRetentionMemory
                0x0000000008001620       0x48 lib_build/xmc4_scu.o
                0x0000000008001620                XMC_SCU_ReadFromRetentionMemory
 .text.XMC_SCU_CLOCK_Init
                0x0000000008001668       0xe6 lib_build/xmc4_scu.o
                0x0000000008001668                XMC_SCU_CLOCK_Init
 *fill*         0x000000000800174e        0x2 
 .text.XMC_SCU_TRAP_Enable
                0x0000000008001750       0x28 lib_build/xmc4_scu.o
                0x0000000008001750                XMC_SCU_TRAP_Enable
 .text.XMC_SCU_TRAP_Disable
                0x0000000008001778       0x24 lib_build/xmc4_scu.o
                0x0000000008001778                XMC_SCU_TRAP_Disable
 .text.XMC_SCU_TRAP_GetStatus
                0x000000000800179c       0x18 lib_build/xmc4_scu.o
                0x000000000800179c                XMC_SCU_TRAP_GetStatus
 .text.XMC_SCU_TRAP_Trigger
                0x00000000080017b4       0x20 lib_build/xmc4_scu.o
                0x00000000080017b4                XMC_SCU_TRAP_Trigger
 .text.XMC_SCU_TRAP_ClearStatus
                0x00000000080017d4       0x20 lib_build/xmc4_scu.o
                0x00000000080017d4                XMC_SCU_TRAP_ClearStatus
 .text.XMC_SCU_PARITY_ClearStatus
                0x00000000080017f4       0x24 lib_build/xmc4_scu.o
                0x00000000080017f4                XMC_SCU_PARITY_ClearStatus
 .text.XMC_SCU_PARITY_GetStatus
                0x0000000008001818       0x18 lib_build/xmc4_scu.o
                0x0000000008001818                XMC_SCU_PARITY_GetStatus
 .text.XMC_SCU_PARITY_Enable
                0x0000000008001830       0x24 lib_build/xmc4_scu.o
                0x0000000008001830                XMC_SCU_PARITY_Enable
 .text.XMC_SCU_PARITY_Disable
                0x0000000008001854       0x28 lib_build/xmc4_scu.o
                0x0000000008001854                XMC_SCU_PARITY_Disable
 .text.XMC_SCU_PARITY_EnableTrapGeneration
                0x000000000800187c       0x24 lib_build/xmc4_scu.o
                0x000000000800187c                XMC_SCU_PARITY_EnableTrapGeneration
 .text.XMC_SCU_PARITY_DisableTrapGeneration
                0x00000000080018a0       0x28 lib_build/xmc4_scu.o
                0x00000000080018a0                XMC_SCU_PARITY_DisableTrapGeneration
 .text.XMC_SCU_INTERRUPT_EnableNmiRequest
                0x00000000080018c8       0x24 lib_build/xmc4_scu.o
                0x00000000080018c8                XMC_SCU_INTERRUPT_EnableNmiRequest
 .text.XMC_SCU_INTERRUPT_DisableNmiRequest
                0x00000000080018ec       0x28 lib_build/xmc4_scu.o
                0x00000000080018ec                XMC_SCU_INTERRUPT_DisableNmiRequest
 .text.XMC_SCU_RESET_AssertPeripheralReset
                0x0000000008001914       0x3c lib_build/xmc4_scu.o
                0x0000000008001914                XMC_SCU_RESET_AssertPeripheralReset
 .text.XMC_SCU_RESET_DeassertPeripheralReset
                0x0000000008001950       0x3c lib_build/xmc4_scu.o
                0x0000000008001950                XMC_SCU_RESET_DeassertPeripheralReset
 .text.XMC_SCU_RESET_IsPeripheralResetAsserted
                0x000000000800198c       0x48 lib_build/xmc4_scu.o
                0x000000000800198c                XMC_SCU_RESET_IsPeripheralResetAsserted
 .text.XMC_SCU_CLOCK_GetSystemPllClockFrequency
                0x00000000080019d4       0x7c lib_build/xmc4_scu.o
                0x00000000080019d4                XMC_SCU_CLOCK_GetSystemPllClockFrequency
 .text.XMC_SCU_CLOCK_GetSystemPllClockSourceFrequency
                0x0000000008001a50       0x30 lib_build/xmc4_scu.o
                0x0000000008001a50                XMC_SCU_CLOCK_GetSystemPllClockSourceFrequency
 .text.XMC_SCU_CLOCK_GetUsbPllClockFrequency
                0x0000000008001a80       0x54 lib_build/xmc4_scu.o
                0x0000000008001a80                XMC_SCU_CLOCK_GetUsbPllClockFrequency
 .text.XMC_SCU_CLOCK_GetCcuClockFrequency
                0x0000000008001ad4       0x2c lib_build/xmc4_scu.o
                0x0000000008001ad4                XMC_SCU_CLOCK_GetCcuClockFrequency
 .text.XMC_SCU_CLOCK_GetUsbClockFrequency
                0x0000000008001b00       0x48 lib_build/xmc4_scu.o
                0x0000000008001b00                XMC_SCU_CLOCK_GetUsbClockFrequency
 .text.XMC_SCU_CLOCK_GetEbuClockFrequency
                0x0000000008001b48       0x28 lib_build/xmc4_scu.o
                0x0000000008001b48                XMC_SCU_CLOCK_GetEbuClockFrequency
 .text.XMC_SCU_CLOCK_GetWdtClockFrequency
                0x0000000008001b70       0x58 lib_build/xmc4_scu.o
                0x0000000008001b70                XMC_SCU_CLOCK_GetWdtClockFrequency
 .text.XMC_SCU_CLOCK_GetExternalOutputClockFrequency
                0x0000000008001bc8       0x70 lib_build/xmc4_scu.o
                0x0000000008001bc8                XMC_SCU_CLOCK_GetExternalOutputClockFrequency
 .text.XMC_SCU_CLOCK_GetPeripheralClockFrequency
                0x0000000008001c38       0x20 lib_build/xmc4_scu.o
                0x0000000008001c38                XMC_SCU_CLOCK_GetPeripheralClockFrequency
 .text.XMC_SCU_CLOCK_SetSystemClockSource
                0x0000000008001c58       0x28 lib_build/xmc4_scu.o
                0x0000000008001c58                XMC_SCU_CLOCK_SetSystemClockSource
 .text.XMC_SCU_CLOCK_SetUsbClockSource
                0x0000000008001c80       0x28 lib_build/xmc4_scu.o
                0x0000000008001c80                XMC_SCU_CLOCK_SetUsbClockSource
 .text.XMC_SCU_CLOCK_SetWdtClockSource
                0x0000000008001ca8       0x28 lib_build/xmc4_scu.o
                0x0000000008001ca8                XMC_SCU_CLOCK_SetWdtClockSource
 .text.XMC_SCU_CLOCK_SetExternalOutputClockSource
                0x0000000008001cd0       0x2c lib_build/xmc4_scu.o
                0x0000000008001cd0                XMC_SCU_CLOCK_SetExternalOutputClockSource
 .text.XMC_SCU_CLOCK_SetSystemPllClockSource
                0x0000000008001cfc       0x44 lib_build/xmc4_scu.o
                0x0000000008001cfc                XMC_SCU_CLOCK_SetSystemPllClockSource
 .text.XMC_SCU_HIB_SetRtcClockSource
                0x0000000008001d40       0x40 lib_build/xmc4_scu.o
                0x0000000008001d40                XMC_SCU_HIB_SetRtcClockSource
 .text.XMC_SCU_HIB_SetStandbyClockSource
                0x0000000008001d80       0x40 lib_build/xmc4_scu.o
                0x0000000008001d80                XMC_SCU_HIB_SetStandbyClockSource
 .text.XMC_SCU_CLOCK_SetSystemClockDivider
                0x0000000008001dc0       0x2c lib_build/xmc4_scu.o
                0x0000000008001dc0                XMC_SCU_CLOCK_SetSystemClockDivider
 .text.XMC_SCU_CLOCK_SetCcuClockDivider
                0x0000000008001dec       0x2c lib_build/xmc4_scu.o
                0x0000000008001dec                XMC_SCU_CLOCK_SetCcuClockDivider
 .text.XMC_SCU_CLOCK_SetCpuClockDivider
                0x0000000008001e18       0x2c lib_build/xmc4_scu.o
                0x0000000008001e18                XMC_SCU_CLOCK_SetCpuClockDivider
 .text.XMC_SCU_CLOCK_SetPeripheralClockDivider
                0x0000000008001e44       0x2c lib_build/xmc4_scu.o
                0x0000000008001e44                XMC_SCU_CLOCK_SetPeripheralClockDivider
 .text.XMC_SCU_CLOCK_SetUsbClockDivider
                0x0000000008001e70       0x2c lib_build/xmc4_scu.o
                0x0000000008001e70                XMC_SCU_CLOCK_SetUsbClockDivider
 .text.XMC_SCU_CLOCK_SetEbuClockDivider
                0x0000000008001e9c       0x2c lib_build/xmc4_scu.o
                0x0000000008001e9c                XMC_SCU_CLOCK_SetEbuClockDivider
 .text.XMC_SCU_CLOCK_SetWdtClockDivider
                0x0000000008001ec8       0x2c lib_build/xmc4_scu.o
                0x0000000008001ec8                XMC_SCU_CLOCK_SetWdtClockDivider
 .text.XMC_SCU_CLOCK_SetExternalOutputClockDivider
                0x0000000008001ef4       0x30 lib_build/xmc4_scu.o
                0x0000000008001ef4                XMC_SCU_CLOCK_SetExternalOutputClockDivider
 .text.XMC_SCU_CLOCK_EnableClock
                0x0000000008001f24       0x20 lib_build/xmc4_scu.o
                0x0000000008001f24                XMC_SCU_CLOCK_EnableClock
 .text.XMC_SCU_CLOCK_DisableClock
                0x0000000008001f44       0x20 lib_build/xmc4_scu.o
                0x0000000008001f44                XMC_SCU_CLOCK_DisableClock
 .text.XMC_SCU_CLOCK_IsClockEnabled
                0x0000000008001f64       0x2c lib_build/xmc4_scu.o
                0x0000000008001f64                XMC_SCU_CLOCK_IsClockEnabled
 .text.XMC_SCU_POWER_GetEVR13Voltage
                0x0000000008001f90       0x30 lib_build/xmc4_scu.o
                0x0000000008001f90                XMC_SCU_POWER_GetEVR13Voltage
 .text.XMC_SCU_POWER_GetEVR33Voltage
                0x0000000008001fc0       0x34 lib_build/xmc4_scu.o
                0x0000000008001fc0                XMC_SCU_POWER_GetEVR33Voltage
 .text.XMC_SCU_CLOCK_EnableUsbPll
                0x0000000008001ff4       0x24 lib_build/xmc4_scu.o
                0x0000000008001ff4                XMC_SCU_CLOCK_EnableUsbPll
 .text.XMC_SCU_CLOCK_DisableUsbPll
                0x0000000008002018       0x24 lib_build/xmc4_scu.o
                0x0000000008002018                XMC_SCU_CLOCK_DisableUsbPll
 .text.XMC_SCU_CLOCK_StartUsbPll
                0x000000000800203c       0x78 lib_build/xmc4_scu.o
                0x000000000800203c                XMC_SCU_CLOCK_StartUsbPll
 .text.XMC_SCU_CLOCK_StopUsbPll
                0x00000000080020b4       0x1c lib_build/xmc4_scu.o
                0x00000000080020b4                XMC_SCU_CLOCK_StopUsbPll
 .text.XMC_SCU_CLOCK_SetBackupClockCalibrationMode
                0x00000000080020d0       0x4c lib_build/xmc4_scu.o
                0x00000000080020d0                XMC_SCU_CLOCK_SetBackupClockCalibrationMode
 .text.XMC_SCU_POWER_EnableUsb
                0x000000000800211c       0x1c lib_build/xmc4_scu.o
                0x000000000800211c                XMC_SCU_POWER_EnableUsb
 .text.XMC_SCU_POWER_DisableUsb
                0x0000000008002138       0x1c lib_build/xmc4_scu.o
                0x0000000008002138                XMC_SCU_POWER_DisableUsb
 .text.XMC_SCU_CLOCK_IsUsbPllLocked
                0x0000000008002154       0x24 lib_build/xmc4_scu.o
                0x0000000008002154                XMC_SCU_CLOCK_IsUsbPllLocked
 .text.XMC_SCU_HIB_EnableHibernateDomain
                0x0000000008002178       0x58 lib_build/xmc4_scu.o
                0x0000000008002178                XMC_SCU_HIB_EnableHibernateDomain
 .text.XMC_SCU_HIB_DisableHibernateDomain
                0x00000000080021d0       0x24 lib_build/xmc4_scu.o
                0x00000000080021d0                XMC_SCU_HIB_DisableHibernateDomain
 .text.XMC_SCU_HIB_IsHibernateDomainEnabled
                0x00000000080021f4       0x3c lib_build/xmc4_scu.o
                0x00000000080021f4                XMC_SCU_HIB_IsHibernateDomainEnabled
 .text.XMC_SCU_HIB_EnableInternalSlowClock
                0x0000000008002230       0x34 lib_build/xmc4_scu.o
                0x0000000008002230                XMC_SCU_HIB_EnableInternalSlowClock
 .text.XMC_SCU_HIB_DisableInternalSlowClock
                0x0000000008002264       0x34 lib_build/xmc4_scu.o
                0x0000000008002264                XMC_SCU_HIB_DisableInternalSlowClock
 .text.XMC_SCU_HIB_ClearEventStatus
                0x0000000008002298       0x34 lib_build/xmc4_scu.o
                0x0000000008002298                XMC_SCU_HIB_ClearEventStatus
 .text.XMC_SCU_HIB_TriggerEvent
                0x00000000080022cc       0x34 lib_build/xmc4_scu.o
                0x00000000080022cc                XMC_SCU_HIB_TriggerEvent
 .text.XMC_SCU_HIB_EnableEvent
                0x0000000008002300       0x38 lib_build/xmc4_scu.o
                0x0000000008002300                XMC_SCU_HIB_EnableEvent
 .text.XMC_SCU_HIB_DisableEvent
                0x0000000008002338       0x3c lib_build/xmc4_scu.o
                0x0000000008002338                XMC_SCU_HIB_DisableEvent
 .text.XMC_SCU_HIB_EnterHibernateState
                0x0000000008002374       0x34 lib_build/xmc4_scu.o
                0x0000000008002374                XMC_SCU_HIB_EnterHibernateState
 .text.XMC_SCU_HIB_EnterHibernateStateEx
                0x00000000080023a8       0x1c lib_build/xmc4_scu.o
                0x00000000080023a8                XMC_SCU_HIB_EnterHibernateStateEx
 .text.XMC_SCU_HIB_SetWakeupTriggerInput
                0x00000000080023c4       0x50 lib_build/xmc4_scu.o
                0x00000000080023c4                XMC_SCU_HIB_SetWakeupTriggerInput
 .text.XMC_SCU_HIB_SetPinMode
                0x0000000008002414       0x54 lib_build/xmc4_scu.o
                0x0000000008002414                XMC_SCU_HIB_SetPinMode
 .text.XMC_SCU_HIB_SetPinOutputLevel
                0x0000000008002468       0x58 lib_build/xmc4_scu.o
                0x0000000008002468                XMC_SCU_HIB_SetPinOutputLevel
 .text.XMC_SCU_HIB_SetInput0
                0x00000000080024c0       0x50 lib_build/xmc4_scu.o
                0x00000000080024c0                XMC_SCU_HIB_SetInput0
 .text.XMC_SCU_HIB_SetSR0Input
                0x0000000008002510       0x40 lib_build/xmc4_scu.o
                0x0000000008002510                XMC_SCU_HIB_SetSR0Input
 .text.XMC_SCU_CLOCK_IsLowPowerOscillatorStable
                0x0000000008002550       0x24 lib_build/xmc4_scu.o
                0x0000000008002550                XMC_SCU_CLOCK_IsLowPowerOscillatorStable
 .text.XMC_SCU_CLOCK_EnableLowPowerOscillator
                0x0000000008002574       0x6c lib_build/xmc4_scu.o
                0x0000000008002574                XMC_SCU_CLOCK_EnableLowPowerOscillator
 .text.XMC_SCU_CLOCK_DisableLowPowerOscillator
                0x00000000080025e0       0x34 lib_build/xmc4_scu.o
                0x00000000080025e0                XMC_SCU_CLOCK_DisableLowPowerOscillator
 .text.XMC_SCU_CLOCK_EnableLowPowerOscillatorGeneralPurposeInput
                0x0000000008002614       0x34 lib_build/xmc4_scu.o
                0x0000000008002614                XMC_SCU_CLOCK_EnableLowPowerOscillatorGeneralPurposeInput
 .text.XMC_SCU_CLOCK_DisableLowPowerOscillatorGeneralPurposeInput
                0x0000000008002648       0x38 lib_build/xmc4_scu.o
                0x0000000008002648                XMC_SCU_CLOCK_DisableLowPowerOscillatorGeneralPurposeInput
 .text.XMC_SCU_CLOCK_GetLowPowerOscillatorGeneralPurposeInputStatus
                0x0000000008002680       0x1c lib_build/xmc4_scu.o
                0x0000000008002680                XMC_SCU_CLOCK_GetLowPowerOscillatorGeneralPurposeInputStatus
 .text.XMC_SCU_CLOCK_EnableHighPerformanceOscillator
                0x000000000800269c       0x50 lib_build/xmc4_scu.o
                0x000000000800269c                XMC_SCU_CLOCK_EnableHighPerformanceOscillator
 .text.XMC_SCU_CLOCK_IsHighPerformanceOscillatorStable
                0x00000000080026ec       0x28 lib_build/xmc4_scu.o
                0x00000000080026ec                XMC_SCU_CLOCK_IsHighPerformanceOscillatorStable
 .text.XMC_SCU_CLOCK_DisableHighPerformanceOscillator
                0x0000000008002714       0x20 lib_build/xmc4_scu.o
                0x0000000008002714                XMC_SCU_CLOCK_DisableHighPerformanceOscillator
 .text.XMC_SCU_CLOCK_EnableHighPerformanceOscillatorGeneralPurposeInput
                0x0000000008002734       0x20 lib_build/xmc4_scu.o
                0x0000000008002734                XMC_SCU_CLOCK_EnableHighPerformanceOscillatorGeneralPurposeInput
 .text.XMC_SCU_CLOCK_DisableHighPerformanceOscillatorGeneralPurposeInput
                0x0000000008002754       0x20 lib_build/xmc4_scu.o
                0x0000000008002754                XMC_SCU_CLOCK_DisableHighPerformanceOscillatorGeneralPurposeInput
 .text.XMC_SCU_CLOCK_GetHighPerformanceOscillatorGeneralPurposeInputStatus
                0x0000000008002774       0x1c lib_build/xmc4_scu.o
                0x0000000008002774                XMC_SCU_CLOCK_GetHighPerformanceOscillatorGeneralPurposeInputStatus
 .text.XMC_SCU_CLOCK_EnableSystemPll
                0x0000000008002790       0x24 lib_build/xmc4_scu.o
                0x0000000008002790                XMC_SCU_CLOCK_EnableSystemPll
 .text.XMC_SCU_CLOCK_DisableSystemPll
                0x00000000080027b4       0x24 lib_build/xmc4_scu.o
                0x00000000080027b4                XMC_SCU_CLOCK_DisableSystemPll
 .text.XMC_SCU_CLOCK_StartSystemPll
                0x00000000080027d8      0x178 lib_build/xmc4_scu.o
                0x00000000080027d8                XMC_SCU_CLOCK_StartSystemPll
 .text.XMC_SCU_CLOCK_StopSystemPll
                0x0000000008002950       0x20 lib_build/xmc4_scu.o
                0x0000000008002950                XMC_SCU_CLOCK_StopSystemPll
 .text.XMC_SCU_CLOCK_StepSystemPllFrequency
                0x0000000008002970       0x30 lib_build/xmc4_scu.o
                0x0000000008002970                XMC_SCU_CLOCK_StepSystemPllFrequency
 .text.XMC_SCU_CLOCK_IsSystemPllLocked
                0x00000000080029a0       0x24 lib_build/xmc4_scu.o
                0x00000000080029a0                XMC_SCU_CLOCK_IsSystemPllLocked
 .text.XMC_SCU_INTERRUPT_SetEventHandler
                0x00000000080029c4       0x58 lib_build/xmc4_scu.o
                0x00000000080029c4                XMC_SCU_INTERRUPT_SetEventHandler
 .text.XMC_SCU_IRQHandler
                0x0000000008002a1c       0x60 lib_build/xmc4_scu.o
                0x0000000008002a1c                XMC_SCU_IRQHandler
 .text          0x0000000008002a7c        0x0 lib_build/xmc_gpio.o
 .text.XMC_GPIO_SetMode
                0x0000000008002a7c       0x82 lib_build/xmc_gpio.o
                0x0000000008002a7c                XMC_GPIO_SetMode
 .text.XMC_GPIO_SetHardwareControl
                0x0000000008002afe       0x46 lib_build/xmc_gpio.o
                0x0000000008002afe                XMC_GPIO_SetHardwareControl
 .text          0x0000000008002b44        0x0 lib_build/HIDClassDevice.o
 .text.HID_Device_ProcessControlRequest
                0x0000000008002b44      0x3c0 lib_build/HIDClassDevice.o
                0x0000000008002b44                HID_Device_ProcessControlRequest
 .text.HID_Device_ConfigureEndpoints
                0x0000000008002f04       0x50 lib_build/HIDClassDevice.o
                0x0000000008002f04                HID_Device_ConfigureEndpoints
 .text.HID_Device_USBTask
                0x0000000008002f54      0x1b0 lib_build/HIDClassDevice.o
                0x0000000008002f54                HID_Device_USBTask
 .text          0x0000000008003104        0x0 lib_build/memcpy.o
 .text.thumb2_memcpy
                0x0000000008003104       0x3e lib_build/memcpy.o
                0x0000000008003104                thumb2_memcpy
 .text          0x0000000008003142        0x0 lib_build/Endpoint_XMC4000.o
 *fill*         0x0000000008003142        0x2 
 .text.__NVIC_EnableIRQ
                0x0000000008003144       0x3c lib_build/Endpoint_XMC4000.o
 .text.__NVIC_DisableIRQ
                0x0000000008003180       0x44 lib_build/Endpoint_XMC4000.o
 .text.Endpoint_WaitUntilReady
                0x00000000080031c4      0x124 lib_build/Endpoint_XMC4000.o
                0x00000000080031c4                Endpoint_WaitUntilReady
 .text.Endpoint_ClearOUT
                0x00000000080032e8       0x98 lib_build/Endpoint_XMC4000.o
                0x00000000080032e8                Endpoint_ClearOUT
 .text.Endpoint_ClearIN
                0x0000000008003380       0xf0 lib_build/Endpoint_XMC4000.o
                0x0000000008003380                Endpoint_ClearIN
 .text.Endpoint_IsReadWriteAllowed
                0x0000000008003470       0x64 lib_build/Endpoint_XMC4000.o
                0x0000000008003470                Endpoint_IsReadWriteAllowed
 .text.Endpoint_Write_8
                0x00000000080034d4       0x68 lib_build/Endpoint_XMC4000.o
                0x00000000080034d4                Endpoint_Write_8
 .text.Endpoint_Read_8
                0x000000000800353c       0x70 lib_build/Endpoint_XMC4000.o
                0x000000000800353c                Endpoint_Read_8
 .text.Endpoint_Write_32_LE
                0x00000000080035ac       0x68 lib_build/Endpoint_XMC4000.o
                0x00000000080035ac                Endpoint_Write_32_LE
 .text.Endpoint_Read_32_LE
                0x0000000008003614       0x70 lib_build/Endpoint_XMC4000.o
                0x0000000008003614                Endpoint_Read_32_LE
 .text.Endpoint_ConfigureEndpointTable
                0x0000000008003684      0x150 lib_build/Endpoint_XMC4000.o
                0x0000000008003684                Endpoint_ConfigureEndpointTable
 .text          0x00000000080037d4        0x0 lib_build/EndpointStream_XMC4000.o
 .text.Endpoint_Write_Stream_LE
                0x00000000080037d4      0x114 lib_build/EndpointStream_XMC4000.o
                0x00000000080037d4                Endpoint_Write_Stream_LE
 .text.SwapCopy
                0x00000000080038e8       0x44 lib_build/EndpointStream_XMC4000.o
                0x00000000080038e8                SwapCopy
 .text.Endpoint_Write_Stream_BE
                0x000000000800392c       0xe8 lib_build/EndpointStream_XMC4000.o
                0x000000000800392c                Endpoint_Write_Stream_BE
 .text.Endpoint_Read_Stream_LE
                0x0000000008003a14       0xf0 lib_build/EndpointStream_XMC4000.o
                0x0000000008003a14                Endpoint_Read_Stream_LE
 .text.Endpoint_Read_Stream_BE
                0x0000000008003b04       0xf0 lib_build/EndpointStream_XMC4000.o
                0x0000000008003b04                Endpoint_Read_Stream_BE
 .text.Endpoint_Write_Control_Stream_LE
                0x0000000008003bf4       0x70 lib_build/EndpointStream_XMC4000.o
                0x0000000008003bf4                Endpoint_Write_Control_Stream_LE
 .text.Endpoint_Write_Control_Stream_BE
                0x0000000008003c64       0x20 lib_build/EndpointStream_XMC4000.o
                0x0000000008003c64                Endpoint_Write_Control_Stream_BE
 .text.Endpoint_Read_Control_Stream_LE
                0x0000000008003c84       0x68 lib_build/EndpointStream_XMC4000.o
                0x0000000008003c84                Endpoint_Read_Control_Stream_LE
 .text.Endpoint_Read_Control_Stream_BE
                0x0000000008003cec       0x20 lib_build/EndpointStream_XMC4000.o
                0x0000000008003cec                Endpoint_Read_Control_Stream_BE
 .text.Endpoint_Null_Stream
                0x0000000008003d0c       0xdc lib_build/EndpointStream_XMC4000.o
                0x0000000008003d0c                Endpoint_Null_Stream
 .text          0x0000000008003de8        0x0 lib_build/USBController_XMC4000.o
 .text.USBD_HandleEP0_Stall
                0x0000000008003de8       0x2c lib_build/USBController_XMC4000.o
                0x0000000008003de8                USBD_HandleEP0_Stall
 .text.USB_Device_ProcessControlRequest
                0x0000000008003e14      0x43c lib_build/USBController_XMC4000.o
                0x0000000008003e14                USB_Device_ProcessControlRequest
 .text.USBD_HandleEP0_IN
                0x0000000008004250       0x4c lib_build/USBController_XMC4000.o
                0x0000000008004250                USBD_HandleEP0_IN
 .text.USBD_HandleEP0_OUT
                0x000000000800429c       0x54 lib_build/USBController_XMC4000.o
                0x000000000800429c                USBD_HandleEP0_OUT
 .text.USBD_HandleEP0_SETUP
                0x00000000080042f0       0x94 lib_build/USBController_XMC4000.o
                0x00000000080042f0                USBD_HandleEP0_SETUP
 .text.USBD_SignalDeviceEventHandler
                0x0000000008004384      0x228 lib_build/USBController_XMC4000.o
                0x0000000008004384                USBD_SignalDeviceEventHandler
 .text.USBD_SignalEndpointEvent_Handler
                0x00000000080045ac      0x19c lib_build/USBController_XMC4000.o
                0x00000000080045ac                USBD_SignalEndpointEvent_Handler
 .text.USBD_Initialize
                0x0000000008004748       0xcc lib_build/USBController_XMC4000.o
                0x0000000008004748                USBD_Initialize
 .text.USB_IsEnumDone
                0x0000000008004814       0x20 lib_build/USBController_XMC4000.o
                0x0000000008004814                USB_IsEnumDone
 .text.USBD_SetEndpointBuffer
                0x0000000008004834       0x7c lib_build/USBController_XMC4000.o
                0x0000000008004834                USBD_SetEndpointBuffer
 .text          0x00000000080048b0        0x0 lib_build/xmc_usbd.o
 .text.XMC_USBD_lDeviceActive
                0x00000000080048b0       0x68 lib_build/xmc_usbd.o
                0x00000000080048b0                XMC_USBD_lDeviceActive
 .text.XMC_USBD_lReadFifo
                0x0000000008004918       0xe8 lib_build/xmc_usbd.o
 .text.XMC_USBD_lWriteFifo
                0x0000000008004a00       0xa4 lib_build/xmc_usbd.o
 .text.XMC_USBD_lFlushTXFifo
                0x0000000008004aa4       0x7c lib_build/xmc_usbd.o
 .text.XMC_USBD_lFlushRXFifo
                0x0000000008004b20       0x68 lib_build/xmc_usbd.o
 .text.XMC_USBD_lAssignTXFifo
                0x0000000008004b88       0x70 lib_build/xmc_usbd.o
 .text.XMC_USBD_lUnassignFifo
                0x0000000008004bf8       0x38 lib_build/xmc_usbd.o
 .text.XMC_USBD_lStartReadXfer
                0x0000000008004c30      0x178 lib_build/xmc_usbd.o
 .text.XMC_USBD_lStartWriteXfer
                0x0000000008004da8      0x198 lib_build/xmc_usbd.o
 .text.XMC_USBD_lHandleUSBReset
                0x0000000008004f40      0x150 lib_build/xmc_usbd.o
 .text.XMC_USBD_lHandleOTGInt
                0x0000000008005090       0x48 lib_build/xmc_usbd.o
 .text.XMC_USBD_lHandleEnumDone
                0x00000000080050d8       0x78 lib_build/xmc_usbd.o
 .text.XMC_USBD_lHandleOEPInt
                0x0000000008005150      0x1bc lib_build/xmc_usbd.o
 .text.XMC_USBD_lHandleIEPInt
                0x000000000800530c      0x1bc lib_build/xmc_usbd.o
 .text.XMC_USBD_lHandleRxFLvl
                0x00000000080054c8       0x84 lib_build/xmc_usbd.o
 .text.XMC_USBD_IRQHandler
                0x000000000800554c      0x150 lib_build/xmc_usbd.o
                0x000000000800554c                XMC_USBD_IRQHandler
 .text.XMC_USBD_Enable
                0x000000000800569c       0x18 lib_build/xmc_usbd.o
                0x000000000800569c                XMC_USBD_Enable
 .text.XMC_USBD_Disable
                0x00000000080056b4       0x18 lib_build/xmc_usbd.o
                0x00000000080056b4                XMC_USBD_Disable
 .text.XMC_USBD_ClearEvent
                0x00000000080056cc       0xcc lib_build/xmc_usbd.o
                0x00000000080056cc                XMC_USBD_ClearEvent
 .text.XMC_USBD_lClearEventOTG
                0x0000000008005798       0x2c lib_build/xmc_usbd.o
 .text.XMC_USBD_ClearEventINEP
                0x00000000080057c4       0x30 lib_build/xmc_usbd.o
                0x00000000080057c4                XMC_USBD_ClearEventINEP
 .text.XMC_USBD_ClearEventOUTEP
                0x00000000080057f4       0x30 lib_build/xmc_usbd.o
                0x00000000080057f4                XMC_USBD_ClearEventOUTEP
 .text.XMC_USBD_EnableEventOUTEP
                0x0000000008005824       0x30 lib_build/xmc_usbd.o
                0x0000000008005824                XMC_USBD_EnableEventOUTEP
 .text.XMC_USBD_EnableEventINEP
                0x0000000008005854       0x30 lib_build/xmc_usbd.o
                0x0000000008005854                XMC_USBD_EnableEventINEP
 .text.XMC_USBD_GetCapabilities
                0x0000000008005884       0x68 lib_build/xmc_usbd.o
                0x0000000008005884                XMC_USBD_GetCapabilities
 .text.XMC_USBD_Init
                0x00000000080058ec      0x23c lib_build/xmc_usbd.o
                0x00000000080058ec                XMC_USBD_Init
 .text.XMC_USBD_Uninitialize
                0x0000000008005b28       0x3c lib_build/xmc_usbd.o
                0x0000000008005b28                XMC_USBD_Uninitialize
 .text.XMC_USBD_DeviceConnect
                0x0000000008005b64       0x34 lib_build/xmc_usbd.o
                0x0000000008005b64                XMC_USBD_DeviceConnect
 .text.XMC_USBD_DeviceDisconnect
                0x0000000008005b98       0x34 lib_build/xmc_usbd.o
                0x0000000008005b98                XMC_USBD_DeviceDisconnect
 .text.XMC_USBD_DeviceGetState
                0x0000000008005bcc       0x64 lib_build/xmc_usbd.o
                0x0000000008005bcc                XMC_USBD_DeviceGetState
 .text.XMC_USBD_EndpointReadStart
                0x0000000008005c30       0x88 lib_build/xmc_usbd.o
                0x0000000008005c30                XMC_USBD_EndpointReadStart
 .text.XMC_USBD_EndpointRead
                0x0000000008005cb8       0x78 lib_build/xmc_usbd.o
                0x0000000008005cb8                XMC_USBD_EndpointRead
 .text.XMC_USBD_EndpointWrite
                0x0000000008005d30       0xa4 lib_build/xmc_usbd.o
                0x0000000008005d30                XMC_USBD_EndpointWrite
 .text.XMC_USBD_DeviceSetAddress
                0x0000000008005dd4       0x4c lib_build/xmc_usbd.o
                0x0000000008005dd4                XMC_USBD_DeviceSetAddress
 .text.XMC_USBD_EndpointStall
                0x0000000008005e20      0x14c lib_build/xmc_usbd.o
                0x0000000008005e20                XMC_USBD_EndpointStall
 .text.XMC_USBD_EndpointAbort
                0x0000000008005f6c       0x88 lib_build/xmc_usbd.o
                0x0000000008005f6c                XMC_USBD_EndpointAbort
 .text.XMC_USBD_EndpointConfigure
                0x0000000008005ff4      0x2e8 lib_build/xmc_usbd.o
                0x0000000008005ff4                XMC_USBD_EndpointConfigure
 .text.XMC_USBD_EndpointUnconfigure
                0x00000000080062dc      0x170 lib_build/xmc_usbd.o
                0x00000000080062dc                XMC_USBD_EndpointUnconfigure
 .text.XMC_USBD_GetFrameNumber
                0x000000000800644c       0x2c lib_build/xmc_usbd.o
                0x000000000800644c                XMC_USBD_GetFrameNumber
 .text.XMC_USBD_IsEnumDone
                0x0000000008006478       0x38 lib_build/xmc_usbd.o
                0x0000000008006478                XMC_USBD_IsEnumDone
 .text          0x00000000080064b0        0x0 lib_build/ConfigDescriptors.o
 .text.USB_GetNextDescriptor
                0x00000000080064b0       0x4c lib_build/ConfigDescriptors.o
 .text.USB_GetNextDescriptorOfType
                0x00000000080064fc       0x36 lib_build/ConfigDescriptors.o
                0x00000000080064fc                USB_GetNextDescriptorOfType
 .text.USB_GetNextDescriptorOfTypeBefore
                0x0000000008006532       0x52 lib_build/ConfigDescriptors.o
                0x0000000008006532                USB_GetNextDescriptorOfTypeBefore
 .text.USB_GetNextDescriptorOfTypeAfter
                0x0000000008006584       0x3e lib_build/ConfigDescriptors.o
                0x0000000008006584                USB_GetNextDescriptorOfTypeAfter
 .text.USB_GetNextDescriptorComp
                0x00000000080065c2       0x5e lib_build/ConfigDescriptors.o
                0x00000000080065c2                USB_GetNextDescriptorComp
 .text          0x0000000008006620        0x0 lib_build/HostStandardReq.o
 .text          0x0000000008006620        0x0 lib_build/USBTask.o
 .text.USB_USBTask
                0x0000000008006620        0xc lib_build/USBTask.o
                0x0000000008006620                USB_USBTask
 .text.USB_DeviceTask
                0x000000000800662c       0x84 lib_build/USBTask.o
 .text          0x00000000080066b0        0x0 lib_build/Events.o
 .text.USB_Event_Stub
                0x00000000080066b0        0xe lib_build/Events.o
                0x00000000080066b0                EVENT_USB_Device_WakeUp
                0x00000000080066b0                USB_Event_Stub
                0x00000000080066b0                EVENT_USB_Device_Suspend
                0x00000000080066b0                EVENT_USB_Device_StartOfFrame
                0x00000000080066b0                EVENT_USB_Device_Disconnect
 .text          0x00000000080066be        0x0 lib_build/startup_XMC4500.o
 .text          0x00000000080066be        0x0 lib_build/system_XMC4500.o
 .text.delay    0x00000000080066be       0x2a lib_build/system_XMC4500.o
 .text.SystemInit
                0x00000000080066e8       0x24 lib_build/system_XMC4500.o
                0x00000000080066e8                SystemInit
 .text.SystemCoreSetup
                0x000000000800670c       0x70 lib_build/system_XMC4500.o
                0x000000000800670c                SystemCoreSetup
 .text.SystemCoreClockSetup
                0x000000000800677c      0x208 lib_build/system_XMC4500.o
 .text.SystemCoreClockUpdate
                0x0000000008006984       0xd4 lib_build/system_XMC4500.o
                0x0000000008006984                SystemCoreClockUpdate
 .text.OSCHP_GetFrequency
                0x0000000008006a58       0x14 lib_build/system_XMC4500.o
                0x0000000008006a58                OSCHP_GetFrequency
 .text          0x0000000008006a6c        0x0 lib_build/syscalls.o
 .text._sbrk    0x0000000008006a6c       0x68 lib_build/syscalls.o
                0x0000000008006a6c                _sbrk
 .text._init    0x0000000008006ad4        0xe lib_build/syscalls.o
                0x0000000008006ad4                _init
 *fill*         0x0000000008006ae2        0x2 
 .text          0x0000000008006ae4      0x378 /usr/bin/../lib/gcc/arm-none-eabi/7.3.1/thumb/v7e-m/libgcc.a(_arm_addsubdf3.o)
                0x0000000008006ae4                __aeabi_drsub
                0x0000000008006aec                __aeabi_dsub
                0x0000000008006aec                __subdf3
                0x0000000008006af0                __adddf3
                0x0000000008006af0                __aeabi_dadd
                0x0000000008006d68                __aeabi_ui2d
                0x0000000008006d68                __floatunsidf
                0x0000000008006d88                __floatsidf
                0x0000000008006d88                __aeabi_i2d
                0x0000000008006dac                __extendsfdf2
                0x0000000008006dac                __aeabi_f2d
                0x0000000008006df0                __aeabi_ul2d
                0x0000000008006df0                __floatundidf
                0x0000000008006e00                __floatdidf
                0x0000000008006e00                __aeabi_l2d
 .text          0x0000000008006e5c      0x110 /usr/bin/../lib/gcc/arm-none-eabi/7.3.1/thumb/v7e-m/libgcc.a(_arm_cmpdf2.o)
                0x0000000008006e5c                __gtdf2
                0x0000000008006e5c                __gedf2
                0x0000000008006e64                __ltdf2
                0x0000000008006e64                __ledf2
                0x0000000008006e6c                __cmpdf2
                0x0000000008006e6c                __eqdf2
                0x0000000008006e6c                __nedf2
                0x0000000008006ee8                __aeabi_cdrcmple
                0x0000000008006ef8                __aeabi_cdcmple
                0x0000000008006ef8                __aeabi_cdcmpeq
                0x0000000008006f08                __aeabi_dcmpeq
                0x0000000008006f1c                __aeabi_dcmplt
                0x0000000008006f30                __aeabi_dcmple
                0x0000000008006f44                __aeabi_dcmpge
                0x0000000008006f58                __aeabi_dcmpgt
 .text          0x0000000008006f6c        0x0 /usr/bin/../lib/gcc/arm-none-eabi/7.3.1/../../../../arm-none-eabi/lib/thumb/v7e-m/libg.a(lib_a-errno.o)
 .text.__errno  0x0000000008006f6c        0xc /usr/bin/../lib/gcc/arm-none-eabi/7.3.1/../../../../arm-none-eabi/lib/thumb/v7e-m/libg.a(lib_a-errno.o)
                0x0000000008006f6c                __errno
 .text          0x0000000008006f78        0x0 /usr/bin/../lib/gcc/arm-none-eabi/7.3.1/../../../../arm-none-eabi/lib/thumb/v7e-m/libg.a(lib_a-impure.o)
 .text          0x0000000008006f78        0x0 /usr/bin/../lib/gcc/arm-none-eabi/7.3.1/../../../../arm-none-eabi/lib/thumb/v7e-m/libg.a(lib_a-init.o)
 .text.__libc_init_array
                0x0000000008006f78       0x48 /usr/bin/../lib/gcc/arm-none-eabi/7.3.1/../../../../arm-none-eabi/lib/thumb/v7e-m/libg.a(lib_a-init.o)
                0x0000000008006f78                __libc_init_array
 .text          0x0000000008006fc0        0x0 /usr/bin/../lib/gcc/arm-none-eabi/7.3.1/../../../../arm-none-eabi/lib/thumb/v7e-m/libg.a(lib_a-memcmp.o)
 .text.memcmp   0x0000000008006fc0       0x64 /usr/bin/../lib/gcc/arm-none-eabi/7.3.1/../../../../arm-none-eabi/lib/thumb/v7e-m/libg.a(lib_a-memcmp.o)
                0x0000000008006fc0                memcmp
 .text          0x0000000008007024      0x134 /usr/bin/../lib/gcc/arm-none-eabi/7.3.1/../../../../arm-none-eabi/lib/thumb/v7e-m/libg.a(lib_a-memcpy.o)
                0x0000000008007024                memcpy
 .text          0x0000000008007158        0x0 /usr/bin/../lib/gcc/arm-none-eabi/7.3.1/../../../../arm-none-eabi/lib/thumb/v7e-m/libg.a(lib_a-memset.o)
 .text.memset   0x0000000008007158       0x94 /usr/bin/../lib/gcc/arm-none-eabi/7.3.1/../../../../arm-none-eabi/lib/thumb/v7e-m/libg.a(lib_a-memset.o)
                0x0000000008007158                memset
 *(.init)
 *(.fini)
 *crtbegin.o(.ctors)
 *crtbegin?.o(.ctors)
 *(EXCLUDE_FILE(*crtend.o *crtend?.o) .ctors)
 *(SORT_BY_NAME(.ctors.*))
 *(.ctors)
 *crtbegin.o(.dtors)
 *crtbegin?.o(.dtors)
 *(EXCLUDE_FILE(*crtend.o *crtend?.o) .dtors)
 *(SORT_BY_NAME(.dtors.*))
 *(.dtors)
 *(.rodata .rodata.*)
 .rodata        0x00000000080071ec       0x14 build/main.o
                0x00000000080071ec                clock_config
 .rodata        0x0000000008007200      0x11e build/Descriptors.o
                0x0000000008007200                KeyboardReport
                0x0000000008007240                DeviceDescriptor
                0x0000000008007254                ConfigurationDescriptor
                0x0000000008007278                LanguageString
                0x0000000008007280                ManufacturerString
                0x00000000080072d4                ProductString
 *fill*         0x000000000800731e        0x2 
 .rodata        0x0000000008007320       0x40 lib_build/xmc_usbd.o
                0x0000000008007320                Driver_USBD0
 .rodata._global_impure_ptr
                0x0000000008007360        0x4 /usr/bin/../lib/gcc/arm-none-eabi/7.3.1/../../../../arm-none-eabi/lib/thumb/v7e-m/libg.a(lib_a-impure.o)
                0x0000000008007360                _global_impure_ptr
 *(.gnu.linkonce.r*)
 *(vtable)
                0x0000000008007364                . = ALIGN (0x4)

.glue_7         0x0000000008007364        0x0 load address 0x000000000c007364
 .glue_7        0x0000000008007364        0x0 linker stubs

.glue_7t        0x0000000008007364        0x0 load address 0x000000000c007364
 .glue_7t       0x0000000008007364        0x0 linker stubs

.vfp11_veneer   0x0000000008007364        0x0 load address 0x000000000c007364
 .vfp11_veneer  0x0000000008007364        0x0 linker stubs

.v4_bx          0x0000000008007364        0x0 load address 0x000000000c007364
 .v4_bx         0x0000000008007364        0x0 linker stubs

.iplt           0x0000000008007364        0x0 load address 0x000000000c007364
 .iplt          0x0000000008007364        0x0 build/main.o

.rel.dyn        0x0000000008007364        0x0 load address 0x000000000c007364
 .rel.iplt      0x0000000008007364        0x0 build/main.o

.eh_frame_hdr
 *(.eh_frame_hdr)

.eh_frame
 *(.eh_frame)

.ARM.extab
 *(.ARM.extab* .gnu.linkonce.armextab.*)
                0x0000000008007364                . = ALIGN (0x4)
                0x0000000008007364                __exidx_start = .

.ARM.exidx
 *(.ARM.exidx* .gnu.linkonce.armexidx.*)
                0x0000000008007364                __exidx_end = .
                0x0000000008007364                . = ALIGN (0x4)

Stack           0x0000000010000000      0x800
                0x0000000010000000                __stack_start = .
                0x0000000010000800                . = (. + stack_size)
 *fill*         0x0000000010000000      0x800 
                0x0000000010000800                __stack_end = .
                0x0000000010000800                __initial_sp = .

.ram_code       0x0000000010000800        0x0 load address 0x000000000c007364
                0x0000000010000800                . = ALIGN (0x4)
                0x0000000010000800                __ram_code_start = .
 *(.ram_code)
                0x0000000010000800                . = ALIGN (0x4)
                0x0000000010000800                __ram_code_end = .
                0x000000000c007364                __ram_code_load = LOADADDR (.ram_code)
                0x0000000000000000                __ram_code_size = (__ram_code_end - __ram_code_start)

PSRAM_DATA      0x0000000010000800        0x0 load address 0x000000000c007364
                0x0000000010000800                . = ALIGN (0x4)
                0x0000000010000800                __data3_start = .
 *(PSRAM_DATA)
                0x0000000010000800                . = ALIGN (0x4)
                0x0000000010000800                __data3_end = .
                0x000000000c007364                __data3_load = LOADADDR (PSRAM_DATA)
                0x0000000000000000                __data3_size = (__data3_end - __data3_start)

PSRAM_BSS       0x0000000010000800        0x0 load address 0x000000000c007364
                0x0000000010000800                . = ALIGN (0x4)
                0x0000000010000800                __bss3_start = .
 *(PSRAM_BSS)
                0x0000000010000800                . = ALIGN (0x4)
                0x0000000010000800                __bss3_end = .
                0x0000000010000800                . = ALIGN (0x8)
                0x0000000010000800                Heap_Bank3_Start = .
                0x0000000000000000                __bss3_size = (__bss3_end - __bss3_start)

.data           0x0000000020000000      0x4f8 load address 0x000000000c007364
                0x0000000020000000                . = ALIGN (0x4)
                0x0000000020000000                __data_start = .
 *(.data)
 .data          0x0000000020000000       0xa0 build/main.o
 .data          0x00000000200000a0       0x28 build/KeyboardHID.o
                0x00000000200000a0                Keyboard_HID_Interface
                0x00000000200000b8                USB_runtime
 .data          0x00000000200000c8        0x0 build/Descriptors.o
 .data          0x00000000200000c8        0x0 lib_build/xmc4_scu.o
 .data          0x00000000200000c8        0x0 lib_build/xmc_gpio.o
 .data          0x00000000200000c8        0x0 lib_build/HIDClassDevice.o
 .data          0x00000000200000c8        0x0 lib_build/memcpy.o
 .data          0x00000000200000c8        0x0 lib_build/Endpoint_XMC4000.o
 .data          0x00000000200000c8        0x0 lib_build/EndpointStream_XMC4000.o
 .data          0x00000000200000c8        0x0 lib_build/USBController_XMC4000.o
 .data          0x00000000200000c8        0x0 lib_build/xmc_usbd.o
 .data          0x00000000200000c8        0x0 lib_build/ConfigDescriptors.o
 .data          0x00000000200000c8        0x0 lib_build/HostStandardReq.o
 .data          0x00000000200000c8        0x0 lib_build/USBTask.o
 .data          0x00000000200000c8        0x0 lib_build/Events.o
 .data          0x00000000200000c8        0x0 lib_build/startup_XMC4500.o
 .data          0x00000000200000c8        0x0 lib_build/system_XMC4500.o
 .data          0x00000000200000c8        0x0 lib_build/syscalls.o
 .data          0x00000000200000c8        0x0 /usr/bin/../lib/gcc/arm-none-eabi/7.3.1/thumb/v7e-m/libgcc.a(_arm_addsubdf3.o)
 .data          0x00000000200000c8        0x0 /usr/bin/../lib/gcc/arm-none-eabi/7.3.1/thumb/v7e-m/libgcc.a(_arm_cmpdf2.o)
 .data          0x00000000200000c8        0x0 /usr/bin/../lib/gcc/arm-none-eabi/7.3.1/../../../../arm-none-eabi/lib/thumb/v7e-m/libg.a(lib_a-errno.o)
 .data          0x00000000200000c8        0x0 /usr/bin/../lib/gcc/arm-none-eabi/7.3.1/../../../../arm-none-eabi/lib/thumb/v7e-m/libg.a(lib_a-impure.o)
 .data          0x00000000200000c8        0x0 /usr/bin/../lib/gcc/arm-none-eabi/7.3.1/../../../../arm-none-eabi/lib/thumb/v7e-m/libg.a(lib_a-init.o)
 .data          0x00000000200000c8        0x0 /usr/bin/../lib/gcc/arm-none-eabi/7.3.1/../../../../arm-none-eabi/lib/thumb/v7e-m/libg.a(lib_a-memcmp.o)
 .data          0x00000000200000c8        0x0 /usr/bin/../lib/gcc/arm-none-eabi/7.3.1/../../../../arm-none-eabi/lib/thumb/v7e-m/libg.a(lib_a-memcpy.o)
 .data          0x00000000200000c8        0x0 /usr/bin/../lib/gcc/arm-none-eabi/7.3.1/../../../../arm-none-eabi/lib/thumb/v7e-m/libg.a(lib_a-memset.o)
 *(.data*)
 .data._impure_ptr
                0x00000000200000c8        0x4 /usr/bin/../lib/gcc/arm-none-eabi/7.3.1/../../../../arm-none-eabi/lib/thumb/v7e-m/libg.a(lib_a-impure.o)
                0x00000000200000c8                _impure_ptr
 *fill*         0x00000000200000cc        0x4 
 .data.impure_data
                0x00000000200000d0      0x428 /usr/bin/../lib/gcc/arm-none-eabi/7.3.1/../../../../arm-none-eabi/lib/thumb/v7e-m/libg.a(lib_a-impure.o)
 *(*.data)
 *(.gnu.linkonce.d*)
                0x00000000200004f8                . = ALIGN (0x4)
                0x00000000200004f8                PROVIDE (__preinit_array_start = .)
 *(.preinit_array)
                0x00000000200004f8                PROVIDE (__preinit_array_end = .)
                0x00000000200004f8                . = ALIGN (0x4)
                0x00000000200004f8                PROVIDE (__init_array_start = .)
 *(SORT_BY_NAME(.init_array.*))
 *(.init_array)
                0x00000000200004f8                PROVIDE (__init_array_end = .)
                0x00000000200004f8                . = ALIGN (0x4)
                [!provide]                        PROVIDE (__fini_array_start = .)
 *(SORT_BY_NAME(.fini_array.*))
 *(.fini_array)
                [!provide]                        PROVIDE (__fini_array_end = .)
                0x00000000200004f8                . = ALIGN (0x4)
                0x00000000200004f8                __data_end = .
                0x000000000c007364                __data_load = LOADADDR (.data)
                0x00000000000004f8                __data_size = (__data_end - __data_start)

.igot.plt       0x00000000200004f8        0x0 load address 0x000000000c00785c
 .igot.plt      0x00000000200004f8        0x0 build/main.o

.bss            0x00000000200004f8      0x7b0 load address 0x000000000c00785c
                0x00000000200004f8                . = ALIGN (0x4)
                0x00000000200004f8                __bss_start = .
 *(.bss)
 .bss           0x00000000200004f8      0x17f build/main.o
                0x000000002000066c                a
                0x0000000020000670                b
 *fill*         0x0000000020000677        0x1 
 .bss           0x0000000020000678        0x8 build/KeyboardHID.o
 .bss           0x0000000020000680        0x0 build/Descriptors.o
 .bss           0x0000000020000680        0x0 lib_build/xmc4_scu.o
 .bss           0x0000000020000680        0x0 lib_build/xmc_gpio.o
 .bss           0x0000000020000680        0x0 lib_build/HIDClassDevice.o
 .bss           0x0000000020000680        0x0 lib_build/memcpy.o
 .bss           0x0000000020000680        0x0 lib_build/Endpoint_XMC4000.o
 .bss           0x0000000020000680        0x1 lib_build/EndpointStream_XMC4000.o
                0x0000000020000680                zlp_flag
 .bss           0x0000000020000681        0x0 lib_build/USBController_XMC4000.o
 *fill*         0x0000000020000681        0x3 
 .bss           0x0000000020000684       0x38 lib_build/xmc_usbd.o
                0x0000000020000684                XMC_USBD_EP_OUT_BUFFERSIZE
                0x00000000200006a0                XMC_USBD_EP_IN_BUFFERSIZE
 .bss           0x00000000200006bc        0x0 lib_build/ConfigDescriptors.o
 .bss           0x00000000200006bc        0x0 lib_build/HostStandardReq.o
 .bss           0x00000000200006bc        0x0 lib_build/USBTask.o
 .bss           0x00000000200006bc        0x0 lib_build/Events.o
 .bss           0x00000000200006bc        0x0 lib_build/startup_XMC4500.o
 .bss           0x00000000200006bc        0x0 lib_build/system_XMC4500.o
 .bss           0x00000000200006bc        0x8 lib_build/syscalls.o
                0x00000000200006bc                __dso_handle
 .bss           0x00000000200006c4        0x0 /usr/bin/../lib/gcc/arm-none-eabi/7.3.1/thumb/v7e-m/libgcc.a(_arm_addsubdf3.o)
 .bss           0x00000000200006c4        0x0 /usr/bin/../lib/gcc/arm-none-eabi/7.3.1/thumb/v7e-m/libgcc.a(_arm_cmpdf2.o)
 .bss           0x00000000200006c4        0x0 /usr/bin/../lib/gcc/arm-none-eabi/7.3.1/../../../../arm-none-eabi/lib/thumb/v7e-m/libg.a(lib_a-errno.o)
 .bss           0x00000000200006c4        0x0 /usr/bin/../lib/gcc/arm-none-eabi/7.3.1/../../../../arm-none-eabi/lib/thumb/v7e-m/libg.a(lib_a-impure.o)
 .bss           0x00000000200006c4        0x0 /usr/bin/../lib/gcc/arm-none-eabi/7.3.1/../../../../arm-none-eabi/lib/thumb/v7e-m/libg.a(lib_a-init.o)
 .bss           0x00000000200006c4        0x0 /usr/bin/../lib/gcc/arm-none-eabi/7.3.1/../../../../arm-none-eabi/lib/thumb/v7e-m/libg.a(lib_a-memcmp.o)
 .bss           0x00000000200006c4        0x0 /usr/bin/../lib/gcc/arm-none-eabi/7.3.1/../../../../arm-none-eabi/lib/thumb/v7e-m/libg.a(lib_a-memcpy.o)
 .bss           0x00000000200006c4        0x0 /usr/bin/../lib/gcc/arm-none-eabi/7.3.1/../../../../arm-none-eabi/lib/thumb/v7e-m/libg.a(lib_a-memset.o)
 *(.bss*)
 *(COMMON)
 COMMON         0x00000000200006c4        0x8 build/KeyboardHID.o
                0x00000000200006c4                buffer
 COMMON         0x00000000200006cc       0x80 lib_build/xmc4_scu.o
                0x00000000200006cc                event_handler_list
 COMMON         0x000000002000074c      0x340 lib_build/USBController_XMC4000.o
                0x000000002000074c                endpoint0_in_buffer
                0x000000002000084c                endpoint0_out_buffer
                0x000000002000094c                device
 COMMON         0x0000000020000a8c      0x20c lib_build/xmc_usbd.o
                0x0000000020000a8c                usbd_init
                0x0000000020000a90                xmc_device
 COMMON         0x0000000020000c98        0xc lib_build/USBTask.o
                0x0000000020000c98                USB_IsInitialized
                0x0000000020000c99                USB_DeviceState
                0x0000000020000c9c                USB_ControlRequest
 *(.gnu.linkonce.b*)
                0x0000000020000ca4                . = ALIGN (0x4)
                0x0000000020000ca4                __bss_end = .
                0x0000000020000ca8                . = ALIGN (0x8)
 *fill*         0x0000000020000ca4        0x4 
                0x0000000020000ca8                Heap_Bank1_Start = .
                0x00000000000007ac                __bss_size = (__bss_end - __bss_start)

.no_init        0x000000002000ffc0       0x14
                0x000000002000ffc0                Heap_Bank1_End = .
 *(.no_init)
 .no_init       0x000000002000ffc0       0x14 lib_build/system_XMC4500.o
                0x000000002000ffc0                SystemCoreClock
                0x000000002000ffc4                g_chipid

DSRAM2_DATA     0x0000000030000000        0x0 load address 0x000000000c00785c
                0x0000000030000000                . = ALIGN (0x4)
                0x0000000030000000                __data2_start = .
 *(DSRAM2_DATA)
                0x0000000030000000                . = ALIGN (0x4)
                0x0000000030000000                __data2_end = .
                0x000000000c00785c                __data2_load = LOADADDR (DSRAM2_DATA)
                0x0000000000000000                __data2_size = (__data2_end - __data2_start)
                0x000000000000785c                __text_size = (((((__exidx_end - sText) + __data_size) + __ram_code_size) + __data2_size) + __data3_size)
                0x000000000800785c                eText = (sText + __text_size)

DSRAM2_BSS      0x0000000030000000      0xe00 load address 0x000000000c00785c
                0x0000000030000000                . = ALIGN (0x4)
                0x0000000030000000                __bss2_start = .
 *(ETH_RAM)
 *(USB_RAM)
 USB_RAM        0x0000000030000000      0xe00 lib_build/xmc_usbd.o
 *(DSRAM2_BSS)
                0x0000000030000e00                . = ALIGN (0x4)
                0x0000000030000e00                __bss2_end = .
                0x0000000030000e00                . = ALIGN (0x8)
                0x0000000030000e00                Heap_Bank2_Start = .
                0x0000000000000e00                __bss2_size = (__bss2_end - __bss2_start)
                0x000000000000f318                Heap_Bank1_Size = (Heap_Bank1_End - Heap_Bank1_Start)
                0x0000000000007200                Heap_Bank2_Size = (LENGTH (DSRAM_2_comm) - (Heap_Bank2_Start - ORIGIN (DSRAM_2_comm)))
                0x000000000000f800                Heap_Bank3_Size = (LENGTH (PSRAM_1) - (Heap_Bank3_Start - ORIGIN (PSRAM_1)))
                0x0000000000000001                ASSERT ((Heap_Bank1_Start <= Heap_Bank1_End), region SRAM_combined overflowed no_init section)

/DISCARD/
 *(.comment)

.stab
 *(.stab)

.stabstr
 *(.stabstr)

.debug
 *(.debug)

.line
 *(.line)

.debug_srcinfo
 *(.debug_srcinfo)

.debug_sfnames
 *(.debug_sfnames)

.debug_aranges  0x0000000000000000      0x920
 *(.debug_aranges)
 .debug_aranges
                0x0000000000000000       0x78 build/main.o
 .debug_aranges
                0x0000000000000078       0x80 build/KeyboardHID.o
 .debug_aranges
                0x00000000000000f8       0x20 build/Descriptors.o
 .debug_aranges
                0x0000000000000118      0x3c8 lib_build/xmc4_scu.o
 .debug_aranges
                0x00000000000004e0       0x28 lib_build/xmc_gpio.o
 .debug_aranges
                0x0000000000000508       0x30 lib_build/HIDClassDevice.o
 .debug_aranges
                0x0000000000000538       0x20 lib_build/memcpy.o
 .debug_aranges
                0x0000000000000558       0x70 lib_build/Endpoint_XMC4000.o
 .debug_aranges
                0x00000000000005c8       0x68 lib_build/EndpointStream_XMC4000.o
 .debug_aranges
                0x0000000000000630       0x68 lib_build/USBController_XMC4000.o
 .debug_aranges
                0x0000000000000698      0x158 lib_build/xmc_usbd.o
 .debug_aranges
                0x00000000000007f0       0x40 lib_build/ConfigDescriptors.o
 .debug_aranges
                0x0000000000000830       0x18 lib_build/HostStandardReq.o
 .debug_aranges
                0x0000000000000848       0x28 lib_build/USBTask.o
 .debug_aranges
                0x0000000000000870       0x20 lib_build/Events.o
 .debug_aranges
                0x0000000000000890       0x20 lib_build/startup_XMC4500.o
 .debug_aranges
                0x00000000000008b0       0x48 lib_build/system_XMC4500.o
 .debug_aranges
                0x00000000000008f8       0x28 lib_build/syscalls.o

.debug_pubnames
 *(.debug_pubnames)

.debug_pubtypes
 *(.debug_pubtypes)

.debug_info     0x0000000000000000    0x1ef8d
 *(.debug_info .gnu.linkonce.wi.*)
 .debug_info    0x0000000000000000     0x2f56 build/main.o
 .debug_info    0x0000000000002f56     0x2a34 build/KeyboardHID.o
 .debug_info    0x000000000000598a     0x252c build/Descriptors.o
 .debug_info    0x0000000000007eb6     0x2a2c lib_build/xmc4_scu.o
 .debug_info    0x000000000000a8e2      0xcc6 lib_build/xmc_gpio.o
 .debug_info    0x000000000000b5a8     0x2402 lib_build/HIDClassDevice.o
 .debug_info    0x000000000000d9aa      0x9c9 lib_build/memcpy.o
 .debug_info    0x000000000000e373     0x2810 lib_build/Endpoint_XMC4000.o
 .debug_info    0x0000000000010b83     0x23ce lib_build/EndpointStream_XMC4000.o
 .debug_info    0x0000000000012f51     0x226c lib_build/USBController_XMC4000.o
 .debug_info    0x00000000000151bd     0x40c6 lib_build/xmc_usbd.o
 .debug_info    0x0000000000019283      0xc90 lib_build/ConfigDescriptors.o
 .debug_info    0x0000000000019f13      0x9e9 lib_build/HostStandardReq.o
 .debug_info    0x000000000001a8fc     0x205c lib_build/USBTask.o
 .debug_info    0x000000000001c958      0xa0b lib_build/Events.o
 .debug_info    0x000000000001d363       0x26 lib_build/startup_XMC4500.o
 .debug_info    0x000000000001d389     0x11ca lib_build/system_XMC4500.o
 .debug_info    0x000000000001e553      0xa3a lib_build/syscalls.o

.debug_abbrev   0x0000000000000000     0x2f87
 *(.debug_abbrev)
 .debug_abbrev  0x0000000000000000      0x3fd build/main.o
 .debug_abbrev  0x00000000000003fd      0x37c build/KeyboardHID.o
 .debug_abbrev  0x0000000000000779      0x291 build/Descriptors.o
 .debug_abbrev  0x0000000000000a0a      0x35d lib_build/xmc4_scu.o
 .debug_abbrev  0x0000000000000d67      0x1f8 lib_build/xmc_gpio.o
 .debug_abbrev  0x0000000000000f5f      0x34f lib_build/HIDClassDevice.o
 .debug_abbrev  0x00000000000012ae      0x193 lib_build/memcpy.o
 .debug_abbrev  0x0000000000001441      0x3b1 lib_build/Endpoint_XMC4000.o
 .debug_abbrev  0x00000000000017f2      0x325 lib_build/EndpointStream_XMC4000.o
 .debug_abbrev  0x0000000000001b17      0x37a lib_build/USBController_XMC4000.o
 .debug_abbrev  0x0000000000001e91      0x455 lib_build/xmc_usbd.o
 .debug_abbrev  0x00000000000022e6      0x22a lib_build/ConfigDescriptors.o
 .debug_abbrev  0x0000000000002510      0x177 lib_build/HostStandardReq.o
 .debug_abbrev  0x0000000000002687      0x2f4 lib_build/USBTask.o
 .debug_abbrev  0x000000000000297b      0x195 lib_build/Events.o
 .debug_abbrev  0x0000000000002b10       0x14 lib_build/startup_XMC4500.o
 .debug_abbrev  0x0000000000002b24      0x287 lib_build/system_XMC4500.o
 .debug_abbrev  0x0000000000002dab      0x1dc lib_build/syscalls.o

.debug_line     0x0000000000000000     0xa194
 *(.debug_line)
 .debug_line    0x0000000000000000     0x112e build/main.o
 .debug_line    0x000000000000112e      0xfb1 build/KeyboardHID.o
 .debug_line    0x00000000000020df      0xe75 build/Descriptors.o
 .debug_line    0x0000000000002f54      0xe9c lib_build/xmc4_scu.o
 .debug_line    0x0000000000003df0      0x38c lib_build/xmc_gpio.o
 .debug_line    0x000000000000417c     0x1226 lib_build/HIDClassDevice.o
 .debug_line    0x00000000000053a2      0x27e lib_build/memcpy.o
 .debug_line    0x0000000000005620      0xd0c lib_build/Endpoint_XMC4000.o
 .debug_line    0x000000000000632c      0xb0a lib_build/EndpointStream_XMC4000.o
 .debug_line    0x0000000000006e36      0xb74 lib_build/USBController_XMC4000.o
 .debug_line    0x00000000000079aa      0x9d0 lib_build/xmc_usbd.o
 .debug_line    0x000000000000837a      0x4f5 lib_build/ConfigDescriptors.o
 .debug_line    0x000000000000886f      0x439 lib_build/HostStandardReq.o
 .debug_line    0x0000000000008ca8      0x926 lib_build/USBTask.o
 .debug_line    0x00000000000095ce      0x44c lib_build/Events.o
 .debug_line    0x0000000000009a1a       0xd1 lib_build/startup_XMC4500.o
 .debug_line    0x0000000000009aeb      0x404 lib_build/system_XMC4500.o
 .debug_line    0x0000000000009eef      0x2a5 lib_build/syscalls.o

.debug_frame    0x0000000000000000     0x26a8
 *(.debug_frame)
 .debug_frame   0x0000000000000000      0x1dc build/main.o
 .debug_frame   0x00000000000001dc      0x1dc build/KeyboardHID.o
 .debug_frame   0x00000000000003b8       0x38 build/Descriptors.o
 .debug_frame   0x00000000000003f0     0x11bc lib_build/xmc4_scu.o
 .debug_frame   0x00000000000015ac       0x60 lib_build/xmc_gpio.o
 .debug_frame   0x000000000000160c       0x98 lib_build/HIDClassDevice.o
 .debug_frame   0x00000000000016a4       0x20 lib_build/memcpy.o
 .debug_frame   0x00000000000016c4      0x1cc lib_build/Endpoint_XMC4000.o
 .debug_frame   0x0000000000001890      0x1a0 lib_build/EndpointStream_XMC4000.o
 .debug_frame   0x0000000000001a30      0x170 lib_build/USBController_XMC4000.o
 .debug_frame   0x0000000000001ba0      0x634 lib_build/xmc_usbd.o
 .debug_frame   0x00000000000021d4       0xd8 lib_build/ConfigDescriptors.o
 .debug_frame   0x00000000000022ac       0x54 lib_build/USBTask.o
 .debug_frame   0x0000000000002300       0x34 lib_build/Events.o
 .debug_frame   0x0000000000002334       0xec lib_build/system_XMC4500.o
 .debug_frame   0x0000000000002420       0x5c lib_build/syscalls.o
 .debug_frame   0x000000000000247c       0xac /usr/bin/../lib/gcc/arm-none-eabi/7.3.1/thumb/v7e-m/libgcc.a(_arm_addsubdf3.o)
 .debug_frame   0x0000000000002528       0xc4 /usr/bin/../lib/gcc/arm-none-eabi/7.3.1/thumb/v7e-m/libgcc.a(_arm_cmpdf2.o)
 .debug_frame   0x00000000000025ec       0x20 /usr/bin/../lib/gcc/arm-none-eabi/7.3.1/../../../../arm-none-eabi/lib/thumb/v7e-m/libg.a(lib_a-errno.o)
 .debug_frame   0x000000000000260c       0x2c /usr/bin/../lib/gcc/arm-none-eabi/7.3.1/../../../../arm-none-eabi/lib/thumb/v7e-m/libg.a(lib_a-init.o)
 .debug_frame   0x0000000000002638       0x38 /usr/bin/../lib/gcc/arm-none-eabi/7.3.1/../../../../arm-none-eabi/lib/thumb/v7e-m/libg.a(lib_a-memcmp.o)
 .debug_frame   0x0000000000002670       0x38 /usr/bin/../lib/gcc/arm-none-eabi/7.3.1/../../../../arm-none-eabi/lib/thumb/v7e-m/libg.a(lib_a-memset.o)

.debug_str      0x0000000000000000    0x83bc4
 *(.debug_str)
 .debug_str     0x0000000000000000    0x7ddfe build/main.o
                                      0x7e2a2 (size before relaxing)
 .debug_str     0x000000000007ddfe      0x29b build/KeyboardHID.o
                                      0x7d4e1 (size before relaxing)
 .debug_str     0x000000000007e099      0x6c5 build/Descriptors.o
                                      0x7958a (size before relaxing)
 .debug_str     0x000000000007e75e     0x203d lib_build/xmc4_scu.o
                                      0x7230a (size before relaxing)
 .debug_str     0x000000000008079b       0xe3 lib_build/xmc_gpio.o
                                      0x7391a (size before relaxing)
 .debug_str     0x000000000008087e      0x318 lib_build/HIDClassDevice.o
                                      0x791e4 (size before relaxing)
 .debug_str     0x0000000000080b96       0x76 lib_build/memcpy.o
                                       0x73d2 (size before relaxing)
 .debug_str     0x0000000000080c0c      0x2d1 lib_build/Endpoint_XMC4000.o
                                      0x73e8f (size before relaxing)
 .debug_str     0x0000000000080edd      0x333 lib_build/EndpointStream_XMC4000.o
                                      0x737b5 (size before relaxing)
 .debug_str     0x0000000000081210      0x309 lib_build/USBController_XMC4000.o
                                      0x73839 (size before relaxing)
 .debug_str     0x0000000000081519     0x11d4 lib_build/xmc_usbd.o
                                      0x7319f (size before relaxing)
 .debug_str     0x00000000000826ed      0x25c lib_build/ConfigDescriptors.o
                                      0x70d73 (size before relaxing)
 .debug_str     0x0000000000082949       0x61 lib_build/HostStandardReq.o
                                      0x705f0 (size before relaxing)
 .debug_str     0x00000000000829aa       0xb7 lib_build/USBTask.o
                                      0x735e1 (size before relaxing)
 .debug_str     0x0000000000082a61       0x80 lib_build/Events.o
                                      0x70620 (size before relaxing)
 .debug_str     0x0000000000082ae1       0x74 lib_build/startup_XMC4500.o
                                         0x98 (size before relaxing)
 .debug_str     0x0000000000082b55      0xb55 lib_build/system_XMC4500.o
                                      0x7018b (size before relaxing)
 .debug_str     0x00000000000836aa      0x51a lib_build/syscalls.o
                                       0x7b62 (size before relaxing)

.debug_loc      0x0000000000000000     0x49aa
 *(.debug_loc)
 .debug_loc     0x0000000000000000      0x3b4 build/main.o
 .debug_loc     0x00000000000003b4      0x398 build/KeyboardHID.o
 .debug_loc     0x000000000000074c       0x5c build/Descriptors.o
 .debug_loc     0x00000000000007a8     0x2504 lib_build/xmc4_scu.o
 .debug_loc     0x0000000000002cac       0xb8 lib_build/xmc_gpio.o
 .debug_loc     0x0000000000002d64       0xf2 lib_build/HIDClassDevice.o
 .debug_loc     0x0000000000002e56      0x3c4 lib_build/Endpoint_XMC4000.o
 .debug_loc     0x000000000000321a      0x32c lib_build/EndpointStream_XMC4000.o
 .debug_loc     0x0000000000003546      0x29c lib_build/USBController_XMC4000.o
 .debug_loc     0x00000000000037e2      0xd34 lib_build/xmc_usbd.o
 .debug_loc     0x0000000000004516      0x19c lib_build/ConfigDescriptors.o
 .debug_loc     0x00000000000046b2       0x7c lib_build/USBTask.o
 .debug_loc     0x000000000000472e       0x44 lib_build/Events.o
 .debug_loc     0x0000000000004772      0x1a4 lib_build/system_XMC4500.o
 .debug_loc     0x0000000000004916       0x94 lib_build/syscalls.o

.debug_macinfo
 *(.debug_macinfo)

.debug_ranges   0x0000000000000000      0x7e8
 *(.debug_ranges)
 .debug_ranges  0x0000000000000000       0x68 build/main.o
 .debug_ranges  0x0000000000000068       0x70 build/KeyboardHID.o
 .debug_ranges  0x00000000000000d8       0x10 build/Descriptors.o
 .debug_ranges  0x00000000000000e8      0x3b8 lib_build/xmc4_scu.o
 .debug_ranges  0x00000000000004a0       0x18 lib_build/xmc_gpio.o
 .debug_ranges  0x00000000000004b8       0x20 lib_build/HIDClassDevice.o
 .debug_ranges  0x00000000000004d8       0x10 lib_build/memcpy.o
 .debug_ranges  0x00000000000004e8       0x60 lib_build/Endpoint_XMC4000.o
 .debug_ranges  0x0000000000000548       0x58 lib_build/EndpointStream_XMC4000.o
 .debug_ranges  0x00000000000005a0       0x58 lib_build/USBController_XMC4000.o
 .debug_ranges  0x00000000000005f8      0x148 lib_build/xmc_usbd.o
 .debug_ranges  0x0000000000000740       0x30 lib_build/ConfigDescriptors.o
 .debug_ranges  0x0000000000000770       0x18 lib_build/USBTask.o
 .debug_ranges  0x0000000000000788       0x10 lib_build/Events.o
 .debug_ranges  0x0000000000000798       0x38 lib_build/system_XMC4500.o
 .debug_ranges  0x00000000000007d0       0x18 lib_build/syscalls.o

.debug_weaknames
 *(.debug_weaknames)

.debug_funcnames
 *(.debug_funcnames)

.debug_typenames
 *(.debug_typenames)

.debug_varnames
 *(.debug_varnames)

.build_attributes
                0x0000000000000000      0x50a
 *(.ARM.attributes)
 .ARM.attributes
                0x0000000000000000       0x37 build/main.o
 .ARM.attributes
                0x0000000000000037       0x37 build/KeyboardHID.o
 .ARM.attributes
                0x000000000000006e       0x37 build/Descriptors.o
 .ARM.attributes
                0x00000000000000a5       0x37 lib_build/xmc4_scu.o
 .ARM.attributes
                0x00000000000000dc       0x37 lib_build/xmc_gpio.o
 .ARM.attributes
                0x0000000000000113       0x37 lib_build/HIDClassDevice.o
 .ARM.attributes
                0x000000000000014a       0x37 lib_build/memcpy.o
 .ARM.attributes
                0x0000000000000181       0x37 lib_build/Endpoint_XMC4000.o
 .ARM.attributes
                0x00000000000001b8       0x37 lib_build/EndpointStream_XMC4000.o
 .ARM.attributes
                0x00000000000001ef       0x37 lib_build/USBController_XMC4000.o
 .ARM.attributes
                0x0000000000000226       0x37 lib_build/xmc_usbd.o
 .ARM.attributes
                0x000000000000025d       0x37 lib_build/ConfigDescriptors.o
 .ARM.attributes
                0x0000000000000294       0x37 lib_build/HostStandardReq.o
 .ARM.attributes
                0x00000000000002cb       0x37 lib_build/USBTask.o
 .ARM.attributes
                0x0000000000000302       0x37 lib_build/Events.o
 .ARM.attributes
                0x0000000000000339       0x25 lib_build/startup_XMC4500.o
 .ARM.attributes
                0x000000000000035e       0x37 lib_build/system_XMC4500.o
 .ARM.attributes
                0x0000000000000395       0x37 lib_build/syscalls.o
 .ARM.attributes
                0x00000000000003cc       0x1e /usr/bin/../lib/gcc/arm-none-eabi/7.3.1/thumb/v7e-m/libgcc.a(_arm_addsubdf3.o)
 .ARM.attributes
                0x00000000000003ea       0x1e /usr/bin/../lib/gcc/arm-none-eabi/7.3.1/thumb/v7e-m/libgcc.a(_arm_cmpdf2.o)
 .ARM.attributes
                0x0000000000000408       0x2e /usr/bin/../lib/gcc/arm-none-eabi/7.3.1/../../../../arm-none-eabi/lib/thumb/v7e-m/libg.a(lib_a-errno.o)
 .ARM.attributes
                0x0000000000000436       0x2e /usr/bin/../lib/gcc/arm-none-eabi/7.3.1/../../../../arm-none-eabi/lib/thumb/v7e-m/libg.a(lib_a-impure.o)
 .ARM.attributes
                0x0000000000000464       0x2e /usr/bin/../lib/gcc/arm-none-eabi/7.3.1/../../../../arm-none-eabi/lib/thumb/v7e-m/libg.a(lib_a-init.o)
 .ARM.attributes
                0x0000000000000492       0x2e /usr/bin/../lib/gcc/arm-none-eabi/7.3.1/../../../../arm-none-eabi/lib/thumb/v7e-m/libg.a(lib_a-memcmp.o)
 .ARM.attributes
                0x00000000000004c0       0x1c /usr/bin/../lib/gcc/arm-none-eabi/7.3.1/../../../../arm-none-eabi/lib/thumb/v7e-m/libg.a(lib_a-memcpy.o)
 .ARM.attributes
                0x00000000000004dc       0x2e /usr/bin/../lib/gcc/arm-none-eabi/7.3.1/../../../../arm-none-eabi/lib/thumb/v7e-m/libg.a(lib_a-memset.o)
OUTPUT(build/main.elf elf32-littlearm)

.debug_macro    0x0000000000000000    0x1cd04
 .debug_macro   0x0000000000000000      0x52c build/main.o
 .debug_macro   0x000000000000052c      0xa4e build/main.o
 .debug_macro   0x0000000000000f7a       0x22 build/main.o
 .debug_macro   0x0000000000000f9c       0x58 build/main.o
 .debug_macro   0x0000000000000ff4       0x18 build/main.o
 .debug_macro   0x000000000000100c       0x94 build/main.o
 .debug_macro   0x00000000000010a0       0x35 build/main.o
 .debug_macro   0x00000000000010d5       0x34 build/main.o
 .debug_macro   0x0000000000001109      0x16d build/main.o
 .debug_macro   0x0000000000001276       0x57 build/main.o
 .debug_macro   0x00000000000012cd       0x58 build/main.o
 .debug_macro   0x0000000000001325       0x1f build/main.o
 .debug_macro   0x0000000000001344       0x43 build/main.o
 .debug_macro   0x0000000000001387       0x20 build/main.o
 .debug_macro   0x00000000000013a7      0x18e build/main.o
 .debug_macro   0x0000000000001535      0x353 build/main.o
 .debug_macro   0x0000000000001888       0x10 build/main.o
 .debug_macro   0x0000000000001898       0x35 build/main.o
 .debug_macro   0x00000000000018cd       0xef build/main.o
 .debug_macro   0x00000000000019bc       0x6a build/main.o
 .debug_macro   0x0000000000001a26      0x1df build/main.o
 .debug_macro   0x0000000000001c05       0x22 build/main.o
 .debug_macro   0x0000000000001c27      0x167 build/main.o
 .debug_macro   0x0000000000001d8e       0x2d build/main.o
 .debug_macro   0x0000000000001dbb       0x28 build/main.o
 .debug_macro   0x0000000000001de3       0xaf build/main.o
 .debug_macro   0x0000000000001e92      0xfe7 build/main.o
 .debug_macro   0x0000000000002e79       0x16 build/main.o
 .debug_macro   0x0000000000002e8f    0x1474b build/main.o
 .debug_macro   0x00000000000175da       0x12 build/main.o
 .debug_macro   0x00000000000175ec       0x4c build/main.o
 .debug_macro   0x0000000000017638       0x22 build/main.o
 .debug_macro   0x000000000001765a      0x861 build/main.o
 .debug_macro   0x0000000000017ebb       0xa5 build/main.o
 .debug_macro   0x0000000000017f60       0x12 build/main.o
 .debug_macro   0x0000000000017f72       0x10 build/main.o
 .debug_macro   0x0000000000017f82      0x1a7 build/main.o
 .debug_macro   0x0000000000018129       0x22 build/main.o
 .debug_macro   0x000000000001814b       0x6f build/main.o
 .debug_macro   0x00000000000181ba       0x86 build/main.o
 .debug_macro   0x0000000000018240       0x40 build/main.o
 .debug_macro   0x0000000000018280       0x4d build/main.o
 .debug_macro   0x00000000000182cd       0x16 build/main.o
 .debug_macro   0x00000000000182e3       0x16 build/main.o
 .debug_macro   0x00000000000182f9       0x29 build/main.o
 .debug_macro   0x0000000000018322      0x2c3 build/main.o
 .debug_macro   0x00000000000185e5       0xa5 build/main.o
 .debug_macro   0x000000000001868a       0xc5 build/main.o
 .debug_macro   0x000000000001874f       0x16 build/main.o
 .debug_macro   0x0000000000018765       0x7a build/main.o
 .debug_macro   0x00000000000187df       0x16 build/main.o
 .debug_macro   0x00000000000187f5       0x16 build/main.o
 .debug_macro   0x000000000001880b       0x64 build/main.o
 .debug_macro   0x000000000001886f       0x22 build/main.o
 .debug_macro   0x0000000000018891       0x16 build/main.o
 .debug_macro   0x00000000000188a7       0x40 build/main.o
 .debug_macro   0x00000000000188e7       0x1c build/main.o
 .debug_macro   0x0000000000018903       0x10 build/main.o
 .debug_macro   0x0000000000018913       0x10 build/main.o
 .debug_macro   0x0000000000018923       0x1c build/main.o
 .debug_macro   0x000000000001893f       0x52 build/main.o
 .debug_macro   0x0000000000018991       0x40 build/main.o
 .debug_macro   0x00000000000189d1       0x10 build/main.o
 .debug_macro   0x00000000000189e1       0x40 build/main.o
 .debug_macro   0x0000000000018a21       0xd7 build/main.o
 .debug_macro   0x0000000000018af8       0x1c build/main.o
 .debug_macro   0x0000000000018b14       0x3d build/main.o
 .debug_macro   0x0000000000018b51       0x16 build/main.o
 .debug_macro   0x0000000000018b67      0x16f build/main.o
 .debug_macro   0x0000000000018cd6       0x16 build/main.o
 .debug_macro   0x0000000000018cec      0x154 build/main.o
 .debug_macro   0x0000000000018e40       0x2a build/main.o
 .debug_macro   0x0000000000018e6a      0x6ce build/main.o
 .debug_macro   0x0000000000019538       0x16 build/main.o
 .debug_macro   0x000000000001954e      0x132 build/main.o
 .debug_macro   0x0000000000019680       0x1c build/main.o
 .debug_macro   0x000000000001969c      0x130 build/main.o
 .debug_macro   0x00000000000197cc      0x515 build/KeyboardHID.o
 .debug_macro   0x0000000000019ce1      0x4eb build/Descriptors.o
 .debug_macro   0x000000000001a1cc       0x8e build/Descriptors.o
 .debug_macro   0x000000000001a25a       0x51 build/Descriptors.o
 .debug_macro   0x000000000001a2ab       0x5e build/Descriptors.o
 .debug_macro   0x000000000001a309       0x16 build/Descriptors.o
 .debug_macro   0x000000000001a31f      0x20f lib_build/xmc4_scu.o
 .debug_macro   0x000000000001a52e       0x9f lib_build/xmc4_scu.o
 .debug_macro   0x000000000001a5cd      0x1b8 lib_build/xmc_gpio.o
 .debug_macro   0x000000000001a785      0x4fa lib_build/HIDClassDevice.o
 .debug_macro   0x000000000001ac7f      0x196 lib_build/memcpy.o
 .debug_macro   0x000000000001ae15       0x16 lib_build/memcpy.o
 .debug_macro   0x000000000001ae2b       0x97 lib_build/memcpy.o
 .debug_macro   0x000000000001aec2       0xf6 lib_build/memcpy.o
 .debug_macro   0x000000000001afb8      0x379 lib_build/Endpoint_XMC4000.o
 .debug_macro   0x000000000001b331       0x10 lib_build/Endpoint_XMC4000.o
 .debug_macro   0x000000000001b341      0x355 lib_build/EndpointStream_XMC4000.o
 .debug_macro   0x000000000001b696      0x340 lib_build/USBController_XMC4000.o
 .debug_macro   0x000000000001b9d6       0x10 lib_build/USBController_XMC4000.o
 .debug_macro   0x000000000001b9e6       0x47 lib_build/USBController_XMC4000.o
 .debug_macro   0x000000000001ba2d       0x80 lib_build/USBController_XMC4000.o
 .debug_macro   0x000000000001baad      0x1f4 lib_build/xmc_usbd.o
 .debug_macro   0x000000000001bca1      0x211 lib_build/ConfigDescriptors.o
 .debug_macro   0x000000000001beb2       0x1c lib_build/ConfigDescriptors.o
 .debug_macro   0x000000000001bece      0x1f0 lib_build/HostStandardReq.o
 .debug_macro   0x000000000001c0be      0x34c lib_build/USBTask.o
 .debug_macro   0x000000000001c40a      0x1f9 lib_build/Events.o
 .debug_macro   0x000000000001c603      0x303 lib_build/system_XMC4500.o
 .debug_macro   0x000000000001c906       0x22 lib_build/system_XMC4500.o
 .debug_macro   0x000000000001c928      0x191 lib_build/syscalls.o
 .debug_macro   0x000000000001cab9       0x10 lib_build/syscalls.o
 .debug_macro   0x000000000001cac9      0x23b lib_build/syscalls.o